Product: MDK-ARM Professional 5.10
Component: ARM Compiler 5.04 update 1 (build 49)
Tool: armlink [5040049]

==============================================================================

Section Cross References

    startup_tm4c123.o(STACK) refers (Special) to heapauxi.o(.text) for __use_two_region_memory
    startup_tm4c123.o(HEAP) refers (Special) to heapauxi.o(.text) for __use_two_region_memory
    startup_tm4c123.o(RESET) refers (Special) to heapauxi.o(.text) for __use_two_region_memory
    startup_tm4c123.o(RESET) refers to startup_tm4c123.o(STACK) for __initial_sp
    startup_tm4c123.o(RESET) refers to startup_tm4c123.o(.text) for Reset_Handler
    startup_tm4c123.o(RESET) refers to hal_cm3.o(.emb_text) for SVC_Handler
    startup_tm4c123.o(.text) refers (Special) to heapauxi.o(.text) for __use_two_region_memory
    startup_tm4c123.o(.text) refers to __main.o(!!!main) for __main
    startup_tm4c123.o(.text) refers to startup_tm4c123.o(HEAP) for Heap_Mem
    startup_tm4c123.o(.text) refers to startup_tm4c123.o(STACK) for Stack_Mem
    main.o(.text) refers to _printf_percent.o(.ARM.Collect$$_printf_percent$$00000000) for _printf_percent
    main.o(.text) refers to _printf_d.o(.ARM.Collect$$_printf_percent$$00000009) for _printf_d
    main.o(.text) refers to _printf_u.o(.ARM.Collect$$_printf_percent$$0000000A) for _printf_u
    main.o(.text) refers to _printf_dec.o(.text) for _printf_int_dec
    main.o(.text) refers to adc.o(.text) for ADCProcessorTrigger
    main.o(.text) refers to filtrai.o(.text) for RR_atpazinimas
    main.o(.text) refers to noretval__2sprintf.o(.text) for __2sprintf
    main.o(.text) refers to uart.o(.text) for UARTPrint
    main.o(.text) refers to gpio.o(.text) for GPIOIntEnable
    main.o(.text) refers to ads1294r_hw.o(.text) for ADS129X_SPI_init
    main.o(.text) refers to ads1294r.o(.text) for ADS1296_DataRead
    main.o(.text) refers to ads1296r_app.o(.text) for ADS1296_DataPut
    main.o(.text) refers to lsm330dlc_app.o(.text) for LSM330DLC_DataPut
    main.o(.text) refers to afe4490.o(.text) for AFE4490A_RdData
    main.o(.text) refers to afe4490_app.o(.text) for AFE4490A_DataPut
    main.o(.text) refers to board.o(.text) for TempDataPut
    main.o(.text) refers to ff.o(.text) for f_write
    main.o(.text) refers to rt_time.o(i.rt_dly_wait) for rt_dly_wait
    main.o(.text) refers to main.o(.bss) for Events_mb
    main.o(.text) refers to rt_mailbox.o(i.rt_mbx_send) for rt_mbx_send
    main.o(.text) refers to rt_mailbox.o(i.rt_mbx_wait) for rt_mbx_wait
    main.o(.text) refers to rt_time.o(i.rt_time_get) for rt_time_get
    main.o(.text) refers to rt_event.o(i.rt_evt_wait) for rt_evt_wait
    main.o(.text) refers to rt_mutex.o(i.rt_mut_wait) for rt_mut_wait
    main.o(.text) refers to rt_mutex.o(i.rt_mut_release) for rt_mut_release
    main.o(.text) refers to rt_mailbox.o(i.rt_mbx_check) for rt_mbx_check
    main.o(.text) refers to rt_system.o(i.rt_tsk_lock) for rt_tsk_lock
    main.o(.text) refers to rt_system.o(i.rt_tsk_unlock) for rt_tsk_unlock
    main.o(.text) refers to main.o(.data) for ADS129X_ptr_read
    main.o(.text) refers to hibernate.o(.text) for HibernateRequest
    main.o(.text) refers to sysctl.o(.text) for SysCtlReset
    main.o(.text) refers to 23lcv1024.o(.text) for RAM_array_DMA_Wr
    main.o(.text) refers to timer.o(.text) for TimerEnable
    main.o(.text) refers to rt_task.o(i.rt_tsk_self) for rt_tsk_self
    main.o(.text) refers to rt_mailbox.o(i.rt_mbx_init) for rt_mbx_init
    main.o(.text) refers to rt_mutex.o(i.rt_mut_init) for rt_mut_init
    main.o(.text) refers to rt_task.o(i.rt_tsk_create) for rt_tsk_create
    main.o(.text) refers to rt_task.o(i.rt_tsk_prio) for rt_tsk_prio
    main.o(.text) refers to afe4490_tm4c123gh6pmi_hw.o(.text) for AFE4490_delay_ms
    main.o(.text) refers to sysctl.o(.emb_text) for SysCtlDelay
    main.o(.text) refers to rt_event.o(i.isr_evt_set) for isr_evt_set
    main.o(.text) refers to mmctm4c123g.o(.text) for disk_timerproc
    main.o(.text) refers to rt_mailbox.o(i.isr_mbx_send) for isr_mbx_send
    main.o(.text) refers to ssi.o(.text) for SSIIntRegister
    main.o(.text) refers to 23lcv1024_hw.o(.text) for RAM_hw_init
    main.o(.text) refers to hal_cm3.o(.emb_text) for os_set_env
    main.o(.text) refers to rt_task.o(i.rt_sys_init) for rt_sys_init
    rtx_conf_cm.o(.text) refers to rt_task.o(i.rt_tsk_self) for rt_tsk_self
    rtx_conf_cm.o(.text) refers to rt_mutex.o(i.rt_mut_init) for rt_mut_init
    rtx_conf_cm.o(.text) refers to rtx_conf_cm.o(.bss) for .bss
    rtx_conf_cm.o(.text) refers to libspace.o(.bss) for __libspace_start
    rtx_conf_cm.o(.text) refers to rtx_conf_cm.o(.data) for .data
    rtx_conf_cm.o(.text) refers to rt_mutex.o(i.rt_mut_wait) for rt_mut_wait
    rtx_conf_cm.o(.text) refers to rt_mutex.o(i.rt_mut_release) for rt_mut_release
    adc.o(.text) refers to interrupt.o(.text) for IntRegister
    adc.o(.text) refers to adc.o(.data) for g_pui8OversampleFactor
[...]
    RAM_worker                               0x00000efb   Thumb Code  1742  main.o(.text)
    Temperaturos_matavimas                   0x000015c9   Thumb Code   234  main.o(.text)
    AFE4490ABC_reg_init                      0x000016b3   Thumb Code   398  main.o(.text)
    LedBlink                                 0x00001841   Thumb Code    38  main.o(.text)
    SSI3Handler                              0x00001867   Thumb Code    14  main.o(.text)
    SSI1Handler                              0x00001875   Thumb Code    14  main.o(.text)
    PortEIntHandler                          0x00001883   Thumb Code    14  main.o(.text)
    PortBIntHandler                          0x00001891   Thumb Code    40  main.o(.text)
    PortAIntHandler                          0x000018b9   Thumb Code    16  main.o(.text)
    SD_tick                                  0x000018c9   Thumb Code    16  main.o(.text)
    temperaturos_tick                        0x000018d9   Thumb Code   396  main.o(.text)
    main                                     0x00001a65   Thumb Code  1284  main.o(.text)
    os_idle_demon                            0x00002019   Thumb Code     4  rtx_conf_cm.o(.text)
    os_tmr_call                              0x0000201d   Thumb Code     2  rtx_conf_cm.o(.text)
    os_error                                 0x0000201f   Thumb Code     8  rtx_conf_cm.o(.text)
    rt_init_robin                            0x00002027   Thumb Code     2  rtx_conf_cm.o(.text)
    rt_chk_robin                             0x00002029   Thumb Code     2  rtx_conf_cm.o(.text)
    __user_perthread_libspace                0x0000202b   Thumb Code    26  rtx_conf_cm.o(.text)
    _mutex_initialize                        0x00002045   Thumb Code    34  rtx_conf_cm.o(.text)
    _mutex_acquire                           0x00002067   Thumb Code    26  rtx_conf_cm.o(.text)
    _mutex_release                           0x00002081   Thumb Code    22  rtx_conf_cm.o(.text)
    ADCIntRegister                           0x000020fd   Thumb Code    38  adc.o(.text)
    ADCIntUnregister                         0x00002123   Thumb Code    30  adc.o(.text)
    ADCIntDisable                            0x00002141   Thumb Code    12  adc.o(.text)
    ADCIntEnable                             0x0000214d   Thumb Code    18  adc.o(.text)
    ADCIntStatus                             0x0000215f   Thumb Code    54  adc.o(.text)
    ADCIntClear                              0x00002195   Thumb Code     8  adc.o(.text)
    ADCSequenceEnable                        0x0000219d   Thumb Code    12  adc.o(.text)
    ADCSequenceDisable                       0x000021a9   Thumb Code    12  adc.o(.text)
    ADCSequenceConfigure                     0x000021b5   Thumb Code    62  adc.o(.text)
    ADCSequenceStepConfigure                 0x000021f3   Thumb Code   136  adc.o(.text)
    ADCSequenceOverflow                      0x0000227b   Thumb Code    12  adc.o(.text)
    ADCSequenceOverflowClear                 0x00002287   Thumb Code     8  adc.o(.text)
    ADCSequenceUnderflow                     0x0000228f   Thumb Code    12  adc.o(.text)
    ADCSequenceUnderflowClear                0x0000229b   Thumb Code     8  adc.o(.text)
    ADCSequenceDataGet                       0x000022a3   Thumb Code    34  adc.o(.text)
    ADCProcessorTrigger                      0x000022c5   Thumb Code    24  adc.o(.text)
    ADCSoftwareOversampleConfigure           0x000022dd   Thumb Code    24  adc.o(.text)
    ADCSoftwareOversampleStepConfigure       0x000022f5   Thumb Code   110  adc.o(.text)
    ADCSoftwareOversampleDataGet             0x00002363   Thumb Code    54  adc.o(.text)
    ADCHardwareOversampleConfigure           0x00002399   Thumb Code    18  adc.o(.text)
    ADCComparatorConfigure                   0x000023ab   Thumb Code    10  adc.o(.text)
    ADCComparatorRegionSet                   0x000023b5   Thumb Code    16  adc.o(.text)
    ADCComparatorReset                       0x000023c5   Thumb Code    34  adc.o(.text)
    ADCComparatorIntDisable                  0x000023e7   Thumb Code    14  adc.o(.text)
    ADCComparatorIntEnable                   0x000023f5   Thumb Code    14  adc.o(.text)
    ADCComparatorIntStatus                   0x00002403   Thumb Code     6  adc.o(.text)
    ADCComparatorIntClear                    0x00002409   Thumb Code     4  adc.o(.text)
    ADCIntDisableEx                          0x0000240d   Thumb Code     8  adc.o(.text)
    ADCIntEnableEx                           0x00002415   Thumb Code     8  adc.o(.text)
    ADCIntStatusEx                           0x0000241d   Thumb Code    22  adc.o(.text)
    ADCIntClearEx                            0x00002433   Thumb Code     8  adc.o(.text)
    ADCReferenceSet                          0x0000243b   Thumb Code    12  adc.o(.text)
    ADCReferenceGet                          0x00002447   Thumb Code    10  adc.o(.text)
    ADCPhaseDelaySet                         0x00002451   Thumb Code     4  adc.o(.text)
    ADCPhaseDelayGet                         0x00002455   Thumb Code     6  adc.o(.text)
    ADCSequenceDMAEnable                     0x0000245b   Thumb Code    14  adc.o(.text)
    ADCSequenceDMADisable                    0x00002469   Thumb Code    14  adc.o(.text)
    ADCBusy                                  0x00002477   Thumb Code    10  adc.o(.text)
    ADCClockConfigSet                        0x00002481   Thumb Code    48  adc.o(.text)
    ADCClockConfigGet                        0x000024b1   Thumb Code    30  adc.o(.text)
    GPIODirModeSet                           0x00002509   Thumb Code    50  gpio.o(.text)
    GPIODirModeGet                           0x0000253b   Thumb Code    46  gpio.o(.text)
    GPIOIntTypeSet                           0x00002569   Thumb Code   102  gpio.o(.text)
    GPIOIntTypeGet                           0x000025cf   Thumb Code    84  gpio.o(.text)
    GPIOPadConfigSet                         0x00002623   Thumb Code   342  gpio.o(.text)
    GPIOPadConfigGet                         0x00002779   Thumb Code   206  gpio.o(.text)
    GPIOIntEnable                            0x00002847   Thumb Code    12  gpio.o(.text)
    GPIOIntDisable                           0x00002853   Thumb Code    12  gpio.o(.text)
    GPIOIntStatus                            0x0000285f   Thumb Code    16  gpio.o(.text)
    GPIOIntClear                             0x0000286f   Thumb Code     6  gpio.o(.text)
    GPIOIntRegister                          0x00002875   Thumb Code    30  gpio.o(.text)
    GPIOIntUnregister                        0x00002893   Thumb Code    26  gpio.o(.text)
    GPIOPinRead                              0x000028ad   Thumb Code    32  gpio.o(.text)
    GPIOPinWrite                             0x000028cd   Thumb Code    10  gpio.o(.text)
    GPIOPinTypeADC                           0x000028d7   Thumb Code    30  gpio.o(.text)
    GPIOPinTypeCAN                           0x000028f5   Thumb Code    30  gpio.o(.text)
    GPIOPinTypeComparator                    0x00002913   Thumb Code    30  gpio.o(.text)
    GPIOPinTypeEPI                           0x00002931   Thumb Code    30  gpio.o(.text)
    GPIOPinTypeEthernetLED                   0x0000294f   Thumb Code    30  gpio.o(.text)
    GPIOPinTypeEthernetMII                   0x0000296d   Thumb Code    30  gpio.o(.text)
    GPIOPinTypeGPIOInput                     0x0000298b   Thumb Code    30  gpio.o(.text)
    GPIOPinTypeGPIOOutput                    0x000029a9   Thumb Code    30  gpio.o(.text)
    GPIOPinTypeGPIOOutputOD                  0x000029c7   Thumb Code    30  gpio.o(.text)
    GPIOPinTypeI2C                           0x000029e5   Thumb Code    30  gpio.o(.text)
    GPIOPinTypeI2CSCL                        0x00002a03   Thumb Code    30  gpio.o(.text)
    GPIOPinTypeLCD                           0x00002a21   Thumb Code    30  gpio.o(.text)
    GPIOPinTypeLPC                           0x00002a3f   Thumb Code    30  gpio.o(.text)
    GPIOPinTypePECIRx                        0x00002a5d   Thumb Code    30  gpio.o(.text)
    GPIOPinTypePECITx                        0x00002a7b   Thumb Code    30  gpio.o(.text)
    GPIOPinTypePWM                           0x00002a99   Thumb Code    30  gpio.o(.text)
    GPIOPinTypeQEI                           0x00002ab7   Thumb Code    30  gpio.o(.text)
    GPIOPinTypeSSI                           0x00002ad5   Thumb Code    30  gpio.o(.text)
    GPIOPinTypeTimer                         0x00002af3   Thumb Code    30  gpio.o(.text)
    GPIOPinTypeUART                          0x00002b11   Thumb Code    30  gpio.o(.text)
    GPIOPinTypeUSBAnalog                     0x00002b2f   Thumb Code    30  gpio.o(.text)
    GPIOPinTypeUSBDigital                    0x00002b4d   Thumb Code    30  gpio.o(.text)
    GPIOPinTypeWakeHigh                      0x00002b6b   Thumb Code    32  gpio.o(.text)
    GPIOPinTypeWakeLow                       0x00002b8b   Thumb Code    32  gpio.o(.text)
    GPIOPinTypeKBRow                         0x00002bab   Thumb Code    30  gpio.o(.text)
    GPIOPinTypeKBColumn                      0x00002bc9   Thumb Code    30  gpio.o(.text)
    GPIOPinTypeLEDSeq                        0x00002be7   Thumb Code    30  gpio.o(.text)
    GPIOPinTypeCIR                           0x00002c05   Thumb Code    30  gpio.o(.text)
    GPIOPinWakeStatus                        0x00002c23   Thumb Code     8  gpio.o(.text)
    GPIOPinConfigure                         0x00002c2b   Thumb Code    70  gpio.o(.text)
    GPIODMATriggerEnable                     0x00002c71   Thumb Code    12  gpio.o(.text)
    GPIODMATriggerDisable                    0x00002c7d   Thumb Code    12  gpio.o(.text)
    GPIOADCTriggerEnable                     0x00002c89   Thumb Code    12  gpio.o(.text)
    GPIOADCTriggerDisable                    0x00002c95   Thumb Code    12  gpio.o(.text)
    HibernateEnableExpClk                    0x00002cb9   Thumb Code    22  hibernate.o(.text)
    HibernateDisable                         0x00002ccf   Thumb Code    20  hibernate.o(.text)
    HibernateClockConfig                     0x00002ce3   Thumb Code    60  hibernate.o(.text)
    HibernateRTCEnable                       0x00002d1f   Thumb Code    20  hibernate.o(.text)
    HibernateRTCDisable                      0x00002d33   Thumb Code    20  hibernate.o(.text)
    HibernateBatCheckStart                   0x00002d47   Thumb Code    20  hibernate.o(.text)
    HibernateBatCheckDone                    0x00002d5b   Thumb Code    10  hibernate.o(.text)
    HibernateWakeSet                         0x00002d65   Thumb Code   106  hibernate.o(.text)
    HibernateWakeGet                         0x00002dcf   Thumb Code    48  hibernate.o(.text)
    HibernateLowBatSet                       0x00002dff   Thumb Code    26  hibernate.o(.text)
    HibernateLowBatGet                       0x00002e19   Thumb Code    12  hibernate.o(.text)
    HibernateRTCSet                          0x00002e25   Thumb Code    36  hibernate.o(.text)
    HibernateRTCGet                          0x00002e49   Thumb Code     6  hibernate.o(.text)
    HibernateRTCMatchSet                     0x00002e4f   Thumb Code    16  hibernate.o(.text)
    HibernateRTCMatchGet                     0x00002e5f   Thumb Code     8  hibernate.o(.text)
    HibernateRTCSSMatchSet                   0x00002e67   Thumb Code    18  hibernate.o(.text)
    HibernateRTCSSMatchGet                   0x00002e79   Thumb Code    10  hibernate.o(.text)
    HibernateRTCSSGet                        0x00002e83   Thumb Code    10  hibernate.o(.text)
    HibernateRTCTrimSet                      0x00002e8d   Thumb Code    14  hibernate.o(.text)
    HibernateRTCTrimGet                      0x00002e9b   Thumb Code     6  hibernate.o(.text)
    HibernateDataSet                         0x00002ea1   Thumb Code    34  hibernate.o(.text)
    HibernateDataGet                         0x00002ec3   Thumb Code    28  hibernate.o(.text)
    HibernateRequest                         0x00002edf   Thumb Code    20  hibernate.o(.text)
    HibernateIntEnable                       0x00002ef3   Thumb Code    20  hibernate.o(.text)
    HibernateIntDisable                      0x00002f07   Thumb Code    20  hibernate.o(.text)
    HibernateIntRegister                     0x00002f31   Thumb Code    26  hibernate.o(.text)
    HibernateIntUnregister                   0x00002f4b   Thumb Code    22  hibernate.o(.text)
    HibernateIntStatus                       0x00002f61   Thumb Code    18  hibernate.o(.text)
    HibernateIntClear                        0x00002f73   Thumb Code    20  hibernate.o(.text)
    HibernateIsActive                        0x00002f87   Thumb Code    10  hibernate.o(.text)
    HibernateGPIORetentionEnable             0x00002f91   Thumb Code    20  hibernate.o(.text)
    HibernateGPIORetentionDisable            0x00002fa5   Thumb Code    22  hibernate.o(.text)
    HibernateGPIORetentionGet                0x00002fbb   Thumb Code    20  hibernate.o(.text)
    HibernateCounterMode                     0x00002fcf   Thumb Code    16  hibernate.o(.text)
    HibernateCalendarSet                     0x000030f5   Thumb Code    16  hibernate.o(.text)
    HibernateCalendarGet                     0x00003105   Thumb Code   124  hibernate.o(.text)
    HibernateCalendarMatchSet                0x00003181   Thumb Code    16  hibernate.o(.text)
    HibernateCalendarMatchGet                0x00003191   Thumb Code   124  hibernate.o(.text)
    HibernateTamperEventsConfig              0x0000320d   Thumb Code    54  hibernate.o(.text)
    HibernateTamperEnable                    0x00003243   Thumb Code    48  hibernate.o(.text)
    HibernateTamperDisable                   0x00003273   Thumb Code    48  hibernate.o(.text)
    HibernateTamperIOEnable                  0x000032a3   Thumb Code    74  hibernate.o(.text)
    HibernateTamperIODisable                 0x000032ed   Thumb Code    56  hibernate.o(.text)
    HibernateTamperEventsClear               0x00003325   Thumb Code    48  hibernate.o(.text)
    HibernateTamperEventsClearNoLock         0x00003355   Thumb Code    24  hibernate.o(.text)
    HibernateTamperUnLock                    0x0000336d   Thumb Code    16  hibernate.o(.text)
    HibernateTamperLock                      0x0000337d   Thumb Code    20  hibernate.o(.text)
    HibernateTamperStatusGet                 0x00003391   Thumb Code    58  hibernate.o(.text)
    HibernateTamperEventsGet                 0x000033cb   Thumb Code    98  hibernate.o(.text)
    HibernateTamperExtOscRecover             0x0000342d   Thumb Code    48  hibernate.o(.text)
    HibernateTamperExtOscValid               0x0000345d   Thumb Code    20  hibernate.o(.text)
    IntMasterEnable                          0x00003481   Thumb Code    16  interrupt.o(.text)
    IntMasterDisable                         0x00003491   Thumb Code    16  interrupt.o(.text)
    IntRegister                              0x000034a1   Thumb Code    52  interrupt.o(.text)
    IntUnregister                            0x000034d5   Thumb Code    10  interrupt.o(.text)
    IntPriorityGroupingSet                   0x000034df   Thumb Code    18  interrupt.o(.text)
    IntPriorityGroupingGet                   0x000034f1   Thumb Code    36  interrupt.o(.text)
    IntPrioritySet                           0x00003515   Thumb Code    46  interrupt.o(.text)
    IntPriorityGet                           0x00003543   Thumb Code    22  interrupt.o(.text)
    IntEnable                                0x00003559   Thumb Code   120  interrupt.o(.text)
    IntDisable                               0x000035d1   Thumb Code   120  interrupt.o(.text)
    IntIsEnabled                             0x00003649   Thumb Code   106  interrupt.o(.text)
    IntPendSet                               0x000036b3   Thumb Code    98  interrupt.o(.text)
    IntPendClear                             0x00003715   Thumb Code    76  interrupt.o(.text)
    IntPriorityMaskSet                       0x00003761   Thumb Code    12  interrupt.o(.text)
    IntPriorityMaskGet                       0x0000376d   Thumb Code     8  interrupt.o(.text)
    IntTrigger                               0x00003775   Thumb Code    10  interrupt.o(.text)
    SysCtlSRAMSizeGet                        0x00003831   Thumb Code    12  sysctl.o(.text)
    SysCtlFlashSizeGet                       0x0000383d   Thumb Code    42  sysctl.o(.text)
    SysCtlFlashSectorSizeGet                 0x00003867   Thumb Code    40  sysctl.o(.text)
    SysCtlPeripheralPresent                  0x0000388f   Thumb Code    52  sysctl.o(.text)
    SysCtlPeripheralReady                    0x000038c3   Thumb Code    52  sysctl.o(.text)
    SysCtlPeripheralPowerOn                  0x000038f7   Thumb Code    46  sysctl.o(.text)
    SysCtlPeripheralPowerOff                 0x00003925   Thumb Code    46  sysctl.o(.text)
    SysCtlPeripheralReset                    0x00003953   Thumb Code   106  sysctl.o(.text)
    SysCtlPeripheralEnable                   0x000039bd   Thumb Code    46  sysctl.o(.text)
    SysCtlPeripheralDisable                  0x000039eb   Thumb Code    46  sysctl.o(.text)
    SysCtlPeripheralSleepEnable              0x00003a19   Thumb Code    46  sysctl.o(.text)
    SysCtlPeripheralSleepDisable             0x00003a47   Thumb Code    46  sysctl.o(.text)
    SysCtlPeripheralDeepSleepEnable          0x00003a75   Thumb Code    46  sysctl.o(.text)
    SysCtlPeripheralDeepSleepDisable         0x00003aa3   Thumb Code    46  sysctl.o(.text)
    SysCtlPeripheralClockGating              0x00003ad1   Thumb Code    82  sysctl.o(.text)
    SysCtlIntRegister                        0x00003b23   Thumb Code    20  sysctl.o(.text)
    SysCtlIntUnregister                      0x00003b37   Thumb Code    16  sysctl.o(.text)
    SysCtlIntEnable                          0x00003b47   Thumb Code    12  sysctl.o(.text)
    SysCtlIntDisable                         0x00003b53   Thumb Code    12  sysctl.o(.text)
    SysCtlIntClear                           0x00003b5f   Thumb Code     6  sysctl.o(.text)
    SysCtlIntStatus                          0x00003b65   Thumb Code    16  sysctl.o(.text)
    SysCtlLDOSleepSet                        0x00003b75   Thumb Code     6  sysctl.o(.text)
    SysCtlLDOSleepGet                        0x00003b7b   Thumb Code     6  sysctl.o(.text)
    SysCtlLDODeepSleepSet                    0x00003b81   Thumb Code     8  sysctl.o(.text)
    SysCtlLDODeepSleepGet                    0x00003b89   Thumb Code    60  sysctl.o(.text)
    SysCtlSleepPowerSet                      0x00003bc5   Thumb Code     6  sysctl.o(.text)
    SysCtlDeepSleepPowerSet                  0x00003bcb   Thumb Code     8  sysctl.o(.text)
    SysCtlReset                              0x00003bd3   Thumb Code    10  sysctl.o(.text)
    SysCtlSleep                              0x00003bdd   Thumb Code     8  sysctl.o(.text)
    SysCtlDeepSleep                          0x00003be5   Thumb Code    40  sysctl.o(.text)
    SysCtlResetCauseGet                      0x00003c0d   Thumb Code     6  sysctl.o(.text)
    SysCtlResetCauseClear                    0x00003c13   Thumb Code    12  sysctl.o(.text)
    SysCtlMOSCConfigSet                      0x00003c1f   Thumb Code     6  sysctl.o(.text)
    SysCtlPIOSCCalibrate                     0x00003c25   Thumb Code    82  sysctl.o(.text)
    SysCtlResetBehaviorSet                   0x00003c77   Thumb Code     8  sysctl.o(.text)
    SysCtlResetBehaviorGet                   0x00003c7f   Thumb Code     8  sysctl.o(.text)
    SysCtlClockFreqSet                       0x00003c87   Thumb Code   646  sysctl.o(.text)
    SysCtlClockSet                           0x00003f0d   Thumb Code   340  sysctl.o(.text)
    SysCtlClockGet                           0x00004061   Thumb Code   332  sysctl.o(.text)
    SysCtlDeepSleepClockSet                  0x000041ad   Thumb Code     8  sysctl.o(.text)
    SysCtlDeepSleepClockConfigSet            0x000041b5   Thumb Code   110  sysctl.o(.text)
    SysCtlPWMClockSet                        0x00004223   Thumb Code    16  sysctl.o(.text)
    SysCtlPWMClockGet                        0x00004233   Thumb Code    24  sysctl.o(.text)
    SysCtlGPIOAHBEnable                      0x0000424b   Thumb Code    20  sysctl.o(.text)
    SysCtlGPIOAHBDisable                     0x0000425f   Thumb Code    20  sysctl.o(.text)
    SysCtlUSBPLLEnable                       0x00004273   Thumb Code    14  sysctl.o(.text)
    SysCtlUSBPLLDisable                      0x00004281   Thumb Code    14  sysctl.o(.text)
    SysCtlVoltageEventConfig                 0x0000428f   Thumb Code     6  sysctl.o(.text)
    SysCtlVoltageEventStatus                 0x00004295   Thumb Code     6  sysctl.o(.text)
    SysCtlVoltageEventClear                  0x0000429b   Thumb Code    12  sysctl.o(.text)
    SysCtlNMIStatus                          0x000042a7   Thumb Code     6  sysctl.o(.text)
    SysCtlNMIClear                           0x000042ad   Thumb Code    12  sysctl.o(.text)
    SysCtlClockOutConfig                     0x000042b9   Thumb Code    14  sysctl.o(.text)
    SysCtlAltClkConfig                       0x000042c7   Thumb Code     8  sysctl.o(.text)
    SSIConfigSetExpClk                       0x00004345   Thumb Code   102  ssi.o(.text)
    SSIEnable                                0x000043ab   Thumb Code    10  ssi.o(.text)
    SSIDisable                               0x000043b5   Thumb Code    10  ssi.o(.text)
    SSIIntRegister                           0x000043bf   Thumb Code    30  ssi.o(.text)
    SSIIntUnregister                         0x000043dd   Thumb Code    26  ssi.o(.text)
    SSIIntEnable                             0x000043f7   Thumb Code     8  ssi.o(.text)
    SSIIntDisable                            0x000043ff   Thumb Code     8  ssi.o(.text)
    SSIIntStatus                             0x00004407   Thumb Code    12  ssi.o(.text)
    SSIIntClear                              0x00004413   Thumb Code     4  ssi.o(.text)
    SSIDataPut                               0x00004417   Thumb Code    16  ssi.o(.text)
    SSIDataPutNonBlocking                    0x00004427   Thumb Code    20  ssi.o(.text)
    SSIDataGet                               0x0000443b   Thumb Code    18  ssi.o(.text)
    SSIDataGetNonBlocking                    0x0000444d   Thumb Code    22  ssi.o(.text)
    SSIDMAEnable                             0x00004463   Thumb Code     8  ssi.o(.text)
    SSIDMADisable                            0x0000446b   Thumb Code     8  ssi.o(.text)
    SSIBusy                                  0x00004473   Thumb Code    10  ssi.o(.text)
    SSIClockSourceSet                        0x0000447d   Thumb Code     6  ssi.o(.text)
    SSIClockSourceGet                        0x00004483   Thumb Code     8  ssi.o(.text)
    SSIAdvModeSet                            0x0000448b   Thumb Code    12  ssi.o(.text)
    SSIAdvDataPutFrameEnd                    0x00004497   Thumb Code    24  ssi.o(.text)
    SSIAdvDataPutFrameEndNonBlocking         0x000044af   Thumb Code    28  ssi.o(.text)
    SSIAdvFrameHoldEnable                    0x000044cb   Thumb Code    10  ssi.o(.text)
    SSIAdvFrameHoldDisable                   0x000044d5   Thumb Code    10  ssi.o(.text)
    TimerEnable                              0x00004539   Thumb Code    14  timer.o(.text)
    TimerDisable                             0x00004547   Thumb Code    14  timer.o(.text)
    TimerConfigure                           0x00004555   Thumb Code    84  timer.o(.text)
    TimerControlLevel                        0x000045a9   Thumb Code    22  timer.o(.text)
    TimerControlTrigger                      0x000045bf   Thumb Code    60  timer.o(.text)
    TimerControlEvent                        0x000045fb   Thumb Code    22  timer.o(.text)
    TimerControlStall                        0x00004611   Thumb Code    22  timer.o(.text)
    TimerControlWaitOnTrigger                0x00004627   Thumb Code    52  timer.o(.text)
    TimerRTCEnable                           0x0000465b   Thumb Code    10  timer.o(.text)
    TimerRTCDisable                          0x00004665   Thumb Code    10  timer.o(.text)
    TimerClockSourceSet                      0x0000466f   Thumb Code     6  timer.o(.text)
    TimerClockSourceGet                      0x00004675   Thumb Code     8  timer.o(.text)
    TimerPrescaleSet                         0x0000467d   Thumb Code    16  timer.o(.text)
    TimerPrescaleGet                         0x0000468d   Thumb Code    14  timer.o(.text)
    TimerPrescaleMatchSet                    0x0000469b   Thumb Code    16  timer.o(.text)
    TimerPrescaleMatchGet                    0x000046ab   Thumb Code    14  timer.o(.text)
    TimerLoadSet                             0x000046b9   Thumb Code    16  timer.o(.text)
    TimerLoadGet                             0x000046c9   Thumb Code    14  timer.o(.text)
    TimerLoadSet64                           0x000046d7   Thumb Code     6  timer.o(.text)
    TimerLoadGet64                           0x000046dd   Thumb Code    26  timer.o(.text)
    TimerValueGet                            0x000046f7   Thumb Code    14  timer.o(.text)
    TimerValueGet64                          0x00004705   Thumb Code    26  timer.o(.text)
    TimerMatchSet                            0x0000471f   Thumb Code    16  timer.o(.text)
    TimerMatchGet                            0x0000472f   Thumb Code    14  timer.o(.text)
    TimerMatchSet64                          0x0000473d   Thumb Code     6  timer.o(.text)
    TimerMatchGet64                          0x00004743   Thumb Code    26  timer.o(.text)
    TimerIntRegister                         0x0000475d   Thumb Code    38  timer.o(.text)
    TimerIntUnregister                       0x00004783   Thumb Code    30  timer.o(.text)
    TimerIntEnable                           0x000047a1   Thumb Code     8  timer.o(.text)
    TimerIntDisable                          0x000047a9   Thumb Code     8  timer.o(.text)
    TimerIntStatus                           0x000047b1   Thumb Code    12  timer.o(.text)
    TimerIntClear                            0x000047bd   Thumb Code     4  timer.o(.text)
    TimerSynchronize                         0x000047c1   Thumb Code     4  timer.o(.text)
    TimerADCEventSet                         0x000047c5   Thumb Code     4  timer.o(.text)
    TimerADCEventGet                         0x000047c9   Thumb Code     6  timer.o(.text)
    TimerDMAEventSet                         0x000047cf   Thumb Code     4  timer.o(.text)
    TimerDMAEventGet                         0x000047d3   Thumb Code     6  timer.o(.text)
    TimerUpdateMode                          0x000047d9   Thumb Code    42  timer.o(.text)
    UARTParityModeSet                        0x00004851   Thumb Code    12  uart.o(.text)
    UARTParityModeGet                        0x0000485d   Thumb Code    10  uart.o(.text)
    UARTFIFOLevelSet                         0x00004867   Thumb Code     8  uart.o(.text)
    UARTFIFOLevelGet                         0x0000486f   Thumb Code    18  uart.o(.text)
    UARTEnable                               0x00004881   Thumb Code    20  uart.o(.text)
    UARTDisable                              0x00004895   Thumb Code    32  uart.o(.text)
    UARTConfigSetExpClk                      0x000048b5   Thumb Code    76  uart.o(.text)
    UARTConfigGetExpClk                      0x00004901   Thumb Code    44  uart.o(.text)
    UARTFIFOEnable                           0x0000492d   Thumb Code    10  uart.o(.text)
    UARTFIFODisable                          0x00004937   Thumb Code    10  uart.o(.text)
    UARTEnableSIR                            0x00004941   Thumb Code    22  uart.o(.text)
    UARTDisableSIR                           0x00004957   Thumb Code    10  uart.o(.text)
    UARTSmartCardEnable                      0x00004961   Thumb Code    22  uart.o(.text)
    UARTSmartCardDisable                     0x00004977   Thumb Code    10  uart.o(.text)
    UARTModemControlSet                      0x00004981   Thumb Code    12  uart.o(.text)
    UARTModemControlClear                    0x0000498d   Thumb Code    12  uart.o(.text)
    UARTModemControlGet                      0x00004999   Thumb Code    10  uart.o(.text)
    UARTModemStatusGet                       0x000049a3   Thumb Code    12  uart.o(.text)
    UARTFlowControlSet                       0x000049af   Thumb Code    12  uart.o(.text)
    UARTFlowControlGet                       0x000049bb   Thumb Code    10  uart.o(.text)
    UARTTxIntModeSet                         0x000049c5   Thumb Code    12  uart.o(.text)
    UARTTxIntModeGet                         0x000049d1   Thumb Code    10  uart.o(.text)
    UARTCharsAvail                           0x000049db   Thumb Code    12  uart.o(.text)
    UARTSpaceAvail                           0x000049e7   Thumb Code    12  uart.o(.text)
    UARTCharGetNonBlocking                   0x000049f3   Thumb Code    20  uart.o(.text)
    UARTCharGet                              0x00004a07   Thumb Code    18  uart.o(.text)
    UARTCharPutNonBlocking                   0x00004a19   Thumb Code    20  uart.o(.text)
    UARTCharPut                              0x00004a2d   Thumb Code    16  uart.o(.text)
    UARTBreakCtl                             0x00004a3d   Thumb Code    20  uart.o(.text)
    UARTBusy                                 0x00004a51   Thumb Code    10  uart.o(.text)
    UARTIntRegister                          0x00004a5b   Thumb Code    30  uart.o(.text)
    UARTIntUnregister                        0x00004a79   Thumb Code    26  uart.o(.text)
    UARTIntEnable                            0x00004a93   Thumb Code     8  uart.o(.text)
    UARTIntDisable                           0x00004a9b   Thumb Code     8  uart.o(.text)
    UARTIntStatus                            0x00004aa3   Thumb Code    12  uart.o(.text)
    UARTIntClear                             0x00004aaf   Thumb Code     4  uart.o(.text)
    UARTDMAEnable                            0x00004ab3   Thumb Code     8  uart.o(.text)
    UARTDMADisable                           0x00004abb   Thumb Code     8  uart.o(.text)
    UARTRxErrorGet                           0x00004ac3   Thumb Code    10  uart.o(.text)
    UARTRxErrorClear                         0x00004acd   Thumb Code     6  uart.o(.text)
    UARTClockSourceSet                       0x00004ad3   Thumb Code     6  uart.o(.text)
    UARTClockSourceGet                       0x00004ad9   Thumb Code     8  uart.o(.text)
    UART9BitEnable                           0x00004ae1   Thumb Code    14  uart.o(.text)
    UART9BitDisable                          0x00004aef   Thumb Code    14  uart.o(.text)
    UART9BitAddrSet                          0x00004afd   Thumb Code    10  uart.o(.text)
    UART9BitAddrSend                         0x00004b07   Thumb Code    44  uart.o(.text)
    UARTPrint                                0x00004b33   Thumb Code    26  uart.o(.text)
    uDMAEnable                               0x00004b61   Thumb Code     8  udma.o(.text)
    uDMADisable                              0x00004b69   Thumb Code     8  udma.o(.text)
    uDMAErrorStatusGet                       0x00004b71   Thumb Code     6  udma.o(.text)
    uDMAErrorStatusClear                     0x00004b77   Thumb Code     8  udma.o(.text)
    uDMAChannelEnable                        0x00004b7f   Thumb Code    14  udma.o(.text)
    uDMAChannelDisable                       0x00004b8d   Thumb Code    14  udma.o(.text)
    uDMAChannelIsEnabled                     0x00004b9b   Thumb Code    26  udma.o(.text)
    uDMAControlBaseSet                       0x00004bb5   Thumb Code     6  udma.o(.text)
    uDMAControlBaseGet                       0x00004bbb   Thumb Code     6  udma.o(.text)
    uDMAControlAlternateBaseGet              0x00004bc1   Thumb Code     6  udma.o(.text)
    uDMAChannelRequest                       0x00004bc7   Thumb Code    14  udma.o(.text)
    uDMAChannelAttributeEnable               0x00004bd5   Thumb Code    62  udma.o(.text)
    uDMAChannelAttributeDisable              0x00004c13   Thumb Code    62  udma.o(.text)
    uDMAChannelAttributeGet                  0x00004c51   Thumb Code    74  udma.o(.text)
    uDMAChannelControlSet                    0x00004c9b   Thumb Code    30  udma.o(.text)
    uDMAChannelTransferSet                   0x00004cb9   Thumb Code   170  udma.o(.text)
    uDMAChannelScatterGatherSet              0x00004d63   Thumb Code    82  udma.o(.text)
    uDMAChannelSizeGet                       0x00004db5   Thumb Code    38  udma.o(.text)
    uDMAChannelModeGet                       0x00004ddb   Thumb Code    42  udma.o(.text)
    uDMAIntRegister                          0x00004e05   Thumb Code    22  udma.o(.text)
    uDMAIntUnregister                        0x00004e1b   Thumb Code    18  udma.o(.text)
    uDMAIntStatus                            0x00004e2d   Thumb Code     6  udma.o(.text)
    uDMAIntClear                             0x00004e33   Thumb Code     6  udma.o(.text)
    uDMAChannelAssign                        0x00004e39   Thumb Code    38  udma.o(.text)
    uDMAChannelSelectSecondary               0x00004e5f   Thumb Code    16  udma.o(.text)
    uDMAChannelSelectDefault                 0x00004e6f   Thumb Code    16  udma.o(.text)
    BoardMinimumInit                         0x00004e91   Thumb Code   334  board.o(.text)
    board_init                               0x00004fdf   Thumb Code   444  board.o(.text)
    temperaturos_spi_init                    0x0000519b   Thumb Code    42  board.o(.text)
    TempDataPut                              0x000051c5   Thumb Code   368  board.o(.text)
    TimeStampDataPut                         0x00005335   Thumb Code   118  board.o(.text)
    RAM_Byte_Write                           0x000053ad   Thumb Code    66  23lcv1024.o(.text)
    RAM_Byte_Read                            0x000053ef   Thumb Code    68  23lcv1024.o(.text)
    RAM_array_Write                          0x00005433   Thumb Code    84  23lcv1024.o(.text)
    RAM_array_Read                           0x00005487   Thumb Code    86  23lcv1024.o(.text)
    RAM_array_DMA_Wr                         0x000054dd   Thumb Code   188  23lcv1024.o(.text)
    RAM_array_DMA_Rd                         0x00005599   Thumb Code   238  23lcv1024.o(.text)
    RAM_transferB                            0x000056a1   Thumb Code    38  23lcv1024_hw.o(.text)
    RAM_hw_init                              0x000056c7   Thumb Code   222  23lcv1024_hw.o(.text)
    ADS129X_RegRead                          0x000057d5   Thumb Code    72  ads1294r.o(.text)
    ADS129X_RegWrite                         0x0000581d   Thumb Code    70  ads1294r.o(.text)
    ADS129X_RegReadAll                       0x00005863   Thumb Code    58  ads1294r.o(.text)
    ADS129X_RegWriteAll                      0x0000589d   Thumb Code    56  ads1294r.o(.text)
    ADS129X_Cmd                              0x000058d5   Thumb Code    38  ads1294r.o(.text)
    ADS129X_CmdReset                         0x000058fb   Thumb Code    18  ads1294r.o(.text)
    ADS129X_CmdSdatac                        0x0000590d   Thumb Code    16  ads1294r.o(.text)
    ADS1294_DataRead                         0x0000591d   Thumb Code   146  ads1294r.o(.text)
    ADS1296_DataRead                         0x000059af   Thumb Code   170  ads1294r.o(.text)
    ADS1294r_init                            0x00005a59   Thumb Code   130  ads1294r.o(.text)
    ADS1296r_init                            0x00005adb   Thumb Code   146  ads1294r.o(.text)
    ADS129X_hw_init                          0x00005b79   Thumb Code    66  ads1294r_hw.o(.text)
    ADS129X_SPI_init                         0x00005bbb   Thumb Code    42  ads1294r_hw.o(.text)
    ADS129X_transferB                        0x00005be5   Thumb Code    38  ads1294r_hw.o(.text)
    ADS129X_DelayUs                          0x00005c0b   Thumb Code    18  ads1294r_hw.o(.text)
    AFE4490_calc_Cf                          0x00005c31   Thumb Code   272  afe4490.o(.text)
    AFE4490_calc_I                           0x00005d41   Thumb Code   130  afe4490.o(.text)
    AFE4490A_wr_EN                           0x00005dc3   Thumb Code    48  afe4490.o(.text)
    AFE4490A_rd_EN                           0x00005df3   Thumb Code    48  afe4490.o(.text)
    AFE4490A_rd_reg                          0x00005e23   Thumb Code    82  afe4490.o(.text)
    AFE4490A_wr_reg                          0x00005e75   Thumb Code    60  afe4490.o(.text)
    AFE4490A_init                            0x00005eb1   Thumb Code   296  afe4490.o(.text)
    AFE4490A_diag                            0x00005fd9   Thumb Code    28  afe4490.o(.text)
    AFE4490B_wr_EN                           0x00005ff5   Thumb Code    48  afe4490.o(.text)
    AFE4490B_rd_EN                           0x00006025   Thumb Code   106  afe4490.o(.text)
    AFE4490B_rd_reg                          0x0000608f   Thumb Code    82  afe4490.o(.text)
    AFE4490B_wr_reg                          0x000060e1   Thumb Code    60  afe4490.o(.text)
    AFE4490B_init                            0x0000611d   Thumb Code   296  afe4490.o(.text)
    AFE4490B_diag                            0x00006245   Thumb Code    28  afe4490.o(.text)
    AFE4490C_wr_EN                           0x00006261   Thumb Code    48  afe4490.o(.text)
    AFE4490C_rd_EN                           0x00006291   Thumb Code    48  afe4490.o(.text)
    AFE4490C_rd_reg                          0x000062c1   Thumb Code    82  afe4490.o(.text)
    AFE4490C_wr_reg                          0x00006313   Thumb Code    60  afe4490.o(.text)
    AFE4490C_init                            0x0000634f   Thumb Code   306  afe4490.o(.text)
    AFE4490C_diag                            0x00006481   Thumb Code    28  afe4490.o(.text)
    AFE4490A_RdData                          0x0000649d   Thumb Code    58  afe4490.o(.text)
    AFE4490B_RdData                          0x000064d7   Thumb Code    58  afe4490.o(.text)
    AFE4490C_RdData                          0x00006511   Thumb Code    58  afe4490.o(.text)
    AFE4490A_DataPut                         0x0000654d   Thumb Code   278  afe4490_app.o(.text)
    AFE4490B_DataPut                         0x00006663   Thumb Code   278  afe4490_app.o(.text)
    AFE4490C_DataPut                         0x00006779   Thumb Code   276  afe4490_app.o(.text)
    AFE4490_delay_ms                         0x0000689d   Thumb Code    22  afe4490_tm4c123gh6pmi_hw.o(.text)
    AFE4490_hw_init                          0x000068b3   Thumb Code   216  afe4490_tm4c123gh6pmi_hw.o(.text)
    AFE4490_transferB                        0x0000698b   Thumb Code    38  afe4490_tm4c123gh6pmi_hw.o(.text)
    AFE4490_ram_wr                           0x000069b1   Thumb Code     6  afe4490_tm4c123gh6pmi_hw.o(.text)
    PpgDcpass                                0x000069cd   Thumb Code    70  filtrai.o(.text)
    LowPass3Hz                               0x00006a13   Thumb Code   102  filtrai.o(.text)
    LowPass10Hz                              0x00006a79   Thumb Code   102  filtrai.o(.text)
    AveragerSpo2                             0x00006adf   Thumb Code    60  filtrai.o(.text)
    calcstat                                 0x00006b1b   Thumb Code   318  filtrai.o(.text)
    middle_of_3                              0x00006c59   Thumb Code    62  filtrai.o(.text)
    HRVhpfilter                              0x00006c97   Thumb Code   144  filtrai.o(.text)
    HRVlpfilter                              0x00006d27   Thumb Code   316  filtrai.o(.text)
    filterlp                                 0x00006e63   Thumb Code   124  filtrai.o(.text)
    AD50HzFilter                             0x00006edf   Thumb Code    96  filtrai.o(.text)
    RR_atpazinimas                           0x00006f3f   Thumb Code   490  filtrai.o(.text)
    LowPass0_1Hz                             0x00007129   Thumb Code   176  filtrai.o(.text)
    LowPass0_6Hz                             0x000071d9   Thumb Code   322  filtrai.o(.text)
    Averageof4                               0x0000731b   Thumb Code    44  filtrai.o(.text)
    respiration_rate                         0x00007347   Thumb Code   394  filtrai.o(.text)
    LSM330DLC_AccelDataPut                   0x00007515   Thumb Code   244  lsm330dlc_app.o(.text)
    LSM330DLC_GyroDataPut                    0x00007609   Thumb Code   244  lsm330dlc_app.o(.text)
    LSM330DLC_DataPut                        0x000076fd   Thumb Code   382  lsm330dlc_app.o(.text)
    get_fattime                              0x0000787d   Thumb Code     4  ff.o(.text)
    clust2sect                               0x00007a2f   Thumb Code    26  ff.o(.text)
    get_fat                                  0x00007a49   Thumb Code   232  ff.o(.text)
    put_fat                                  0x00007b31   Thumb Code   314  ff.o(.text)
    f_mount                                  0x000086f5   Thumb Code    86  ff.o(.text)
    f_open                                   0x0000874b   Thumb Code   354  ff.o(.text)
    f_read                                   0x000088ad   Thumb Code   328  ff.o(.text)
    f_write                                  0x000089f5   Thumb Code   444  ff.o(.text)
    f_sync                                   0x00008bb1   Thumb Code   138  ff.o(.text)
    f_close                                  0x00008c3b   Thumb Code    32  ff.o(.text)
    disk_initialize                          0x00008f4b   Thumb Code   410  mmctm4c123g.o(.text)
    disk_status                              0x000090e5   Thumb Code    14  mmctm4c123g.o(.text)
    disk_read                                0x000090f3   Thumb Code   142  mmctm4c123g.o(.text)
    disk_write                               0x00009181   Thumb Code   188  mmctm4c123g.o(.text)
    disk_ioctl                               0x0000923d   Thumb Code   420  mmctm4c123g.o(.text)
    disk_timerproc                           0x000093e1   Thumb Code    34  mmctm4c123g.o(.text)
    ADS1296_DataPut                          0x00009415   Thumb Code   668  ads1296r_app.o(.text)
    __user_libspace                          0x000096b9   Thumb Code     8  libspace.o(.text)
    __user_perproc_libspace                  0x000096b9   Thumb Code     0  libspace.o(.text)
    __2sprintf                               0x000096c1   Thumb Code    34  noretval__2sprintf.o(.text)
    __printf                                 0x000096e9   Thumb Code   104  __printf.o(.text)
    _printf_int_dec                          0x00009751   Thumb Code   100  _printf_dec.o(.text)
    __use_two_region_memory                  0x000097c5   Thumb Code     2  heapauxi.o(.text)
    __rt_heap_escrow$2region                 0x000097c7   Thumb Code     2  heapauxi.o(.text)
    __rt_heap_expand$2region                 0x000097c9   Thumb Code     2  heapauxi.o(.text)
    __read_errno                             0x000097cb   Thumb Code    10  _rserrno.o(.text)
    __set_errno                              0x000097d5   Thumb Code    12  _rserrno.o(.text)
    _printf_int_common                       0x000097e1   Thumb Code   178  _printf_intcommon.o(.text)
    _printf_char_common                      0x0000989f   Thumb Code    32  _printf_char_common.o(.text)
    _sputc                                   0x000098c5   Thumb Code    10  _sputc.o(.text)
    __aeabi_errno_addr                       0x000098cf   Thumb Code     4  rt_errno_addr_twolibspace.o(.text)
    __errno$twolibspace                      0x000098cf   Thumb Code     0  rt_errno_addr_twolibspace.o(.text)
    __rt_errno_addr$twolibspace              0x000098cf   Thumb Code     0  rt_errno_addr_twolibspace.o(.text)
    __user_setup_stackheap                   0x000098d3   Thumb Code    74  sys_stackheap_outer.o(.text)
    exit                                     0x0000991d   Thumb Code    12  exit.o(.text)
    _sys_exit                                0x00009929   Thumb Code     8  sys_exit.o(.text)
    __I$use$semihosting                      0x00009935   Thumb Code     0  use_no_semi.o(.text)
    __use_no_semihosting_swi                 0x00009935   Thumb Code     2  use_no_semi.o(.text)
    __semihosting_library_function           0x00009937   Thumb Code     0  indicate_semi.o(.text)
    SVC_Count                                0x00009938   Data           4  svc_table.o(SVC_TABLE)
    SVC_Table                                0x0000993c   Data           0  svc_table.o(SVC_TABLE)
    _init_box                                0x0000993d   Thumb Code    70  rt_membox.o(i._init_box)
    dbg_init                                 0x00009985   Thumb Code    34  hal_cm3.o(i.dbg_init)
    dbg_task_notify                          0x000099b5   Thumb Code    32  hal_cm3.o(i.dbg_task_notify)
    dbg_task_switch                          0x000099d5   Thumb Code    16  hal_cm3.o(i.dbg_task_switch)
    isr_evt_set                              0x000099e5   Thumb Code    34  rt_event.o(i.isr_evt_set)
    isr_mbx_send                             0x00009a0d   Thumb Code    14  rt_mailbox.o(i.isr_mbx_send)
    os_tick_init                             0x00009a1d   Thumb Code    32  rt_system.o(i.os_tick_init)
    os_tick_irqack                           0x00009a45   Thumb Code     2  rt_system.o(i.os_tick_irqack)
    rt_alloc_box                             0x00009a47   Thumb Code    26  rt_membox.o(i.rt_alloc_box)
    rt_block                                 0x00009a61   Thumb Code    48  rt_task.o(i.rt_block)
    rt_dec_dly                               0x00009a99   Thumb Code   106  rt_list.o(i.rt_dec_dly)
    rt_dispatch                              0x00009b0d   Thumb Code    60  rt_task.o(i.rt_dispatch)
    rt_dly_wait                              0x00009b51   Thumb Code     6  rt_time.o(i.rt_dly_wait)
    rt_evt_psh                               0x00009b59   Thumb Code    72  rt_event.o(i.rt_evt_psh)
    rt_evt_wait                              0x00009ba5   Thumb Code    56  rt_event.o(i.rt_evt_wait)
    rt_free_box                              0x00009be1   Thumb Code    32  rt_membox.o(i.rt_free_box)
    rt_get_first                             0x00009c01   Thumb Code    40  rt_list.o(i.rt_get_first)
    rt_init_stack                            0x00009c75   Thumb Code    70  hal_cm3.o(i.rt_init_stack)
    rt_mbx_check                             0x00009cc5   Thumb Code     8  rt_mailbox.o(i.rt_mbx_check)
    rt_mbx_init                              0x00009ccd   Thumb Code    24  rt_mailbox.o(i.rt_mbx_init)
    rt_mbx_psh                               0x00009ce5   Thumb Code   206  rt_mailbox.o(i.rt_mbx_psh)
    rt_mbx_send                              0x00009db9   Thumb Code   160  rt_mailbox.o(i.rt_mbx_send)
    rt_mbx_wait                              0x00009e5d   Thumb Code   182  rt_mailbox.o(i.rt_mbx_wait)
    rt_mut_init                              0x00009f19   Thumb Code    16  rt_mutex.o(i.rt_mut_init)
    rt_mut_release                           0x00009f29   Thumb Code   220  rt_mutex.o(i.rt_mut_release)
    rt_mut_wait                              0x0000a00d   Thumb Code   100  rt_mutex.o(i.rt_mut_wait)
    rt_pop_req                               0x0000a075   Thumb Code   112  rt_system.o(i.rt_pop_req)
    rt_psh_req                               0x0000a0f1   Thumb Code    22  rt_system.o(i.rt_psh_req)
    rt_psq_enq                               0x0000a111   Thumb Code    88  rt_list.o(i.rt_psq_enq)
    rt_put_dly                               0x0000a16d   Thumb Code    68  rt_list.o(i.rt_put_dly)
    rt_put_prio                              0x0000a1b5   Thumb Code    54  rt_list.o(i.rt_put_prio)
    rt_put_rdy_first                         0x0000a1ed   Thumb Code    14  rt_list.o(i.rt_put_rdy_first)
    rt_resort_prio                           0x0000a201   Thumb Code    46  rt_list.o(i.rt_resort_prio)
    rt_rmv_dly                               0x0000a235   Thumb Code    40  rt_list.o(i.rt_rmv_dly)
    rt_rmv_list                              0x0000a25d   Thumb Code    44  rt_list.o(i.rt_rmv_list)
    rt_sem_psh                               0x0000a28d   Thumb Code    46  rt_semaphore.o(i.rt_sem_psh)
    rt_stk_check                             0x0000a2c1   Thumb Code    28  rt_system.o(i.rt_stk_check)
    rt_switch_req                            0x0000a2e5   Thumb Code    30  rt_task.o(i.rt_switch_req)
    rt_sys_init                              0x0000a30d   Thumb Code   268  rt_task.o(i.rt_sys_init)
    rt_systick                               0x0000a461   Thumb Code    50  rt_system.o(i.rt_systick)
    rt_time_get                              0x0000a4a1   Thumb Code     6  rt_time.o(i.rt_time_get)
    rt_tmr_tick                              0x0000a4ad   Thumb Code    56  rt_timer.o(i.rt_tmr_tick)
    rt_tsk_create                            0x0000a4ed   Thumb Code   122  rt_task.o(i.rt_tsk_create)
    rt_tsk_lock                              0x0000a57d   Thumb Code    72  rt_system.o(i.rt_tsk_lock)
    rt_tsk_prio                              0x0000a5cd   Thumb Code   122  rt_task.o(i.rt_tsk_prio)
    rt_tsk_self                              0x0000a659   Thumb Code    12  rt_task.o(i.rt_tsk_self)
    rt_tsk_unlock                            0x0000a669   Thumb Code    72  rt_system.o(i.rt_tsk_unlock)
    sqrt                                     0x0000a6b9   Thumb Code    76  sqrt.o(i.sqrt)
    __aeabi_d2f                              0x0000a705   Thumb Code     0  d2f.o(x$fpl$d2f)
    _d2f                                     0x0000a705   Thumb Code    98  d2f.o(x$fpl$d2f)
    __aeabi_dadd                             0x0000a769   Thumb Code     0  daddsub_clz.o(x$fpl$dadd)
    _dadd                                    0x0000a769   Thumb Code   332  daddsub_clz.o(x$fpl$dadd)
    __aeabi_ddiv                             0x0000a8b9   Thumb Code     0  ddiv.o(x$fpl$ddiv)
    _ddiv                                    0x0000a8b9   Thumb Code   552  ddiv.o(x$fpl$ddiv)
    __aeabi_d2iz                             0x0000ab69   Thumb Code     0  dfix.o(x$fpl$dfix)
    _dfix                                    0x0000ab69   Thumb Code    94  dfix.o(x$fpl$dfix)
    __aeabi_i2d                              0x0000abc7   Thumb Code     0  dflt_clz.o(x$fpl$dflt)
    _dflt                                    0x0000abc7   Thumb Code    46  dflt_clz.o(x$fpl$dflt)
    __aeabi_ui2d                             0x0000abf5   Thumb Code     0  dflt_clz.o(x$fpl$dfltu)
    _dfltu                                   0x0000abf5   Thumb Code    38  dflt_clz.o(x$fpl$dfltu)
    __aeabi_dmul                             0x0000ac1d   Thumb Code     0  dmul.o(x$fpl$dmul)
    _dmul                                    0x0000ac1d   Thumb Code   332  dmul.o(x$fpl$dmul)
    __fpl_dnaninf                            0x0000ad71   Thumb Code   156  dnaninf.o(x$fpl$dnaninf)
    __fpl_dretinf                            0x0000ae0d   Thumb Code    12  dretinf.o(x$fpl$dretinf)
    __aeabi_drsub                            0x0000ae19   Thumb Code     0  daddsub_clz.o(x$fpl$drsb)
    _drsb                                    0x0000ae19   Thumb Code    22  daddsub_clz.o(x$fpl$drsb)
    _dsqrt                                   0x0000ae31   Thumb Code   404  dsqrt_umaal.o(x$fpl$dsqrt)
    __aeabi_dsub                             0x0000afc9   Thumb Code     0  daddsub_clz.o(x$fpl$dsub)
    _dsub                                    0x0000afc9   Thumb Code   464  daddsub_clz.o(x$fpl$dsub)
    __aeabi_f2d                              0x0000b19d   Thumb Code     0  f2d.o(x$fpl$f2d)
    _f2d                                     0x0000b19d   Thumb Code    86  f2d.o(x$fpl$f2d)
    __aeabi_fadd                             0x0000b1f5   Thumb Code     0  faddsub_clz.o(x$fpl$fadd)
    _fadd                                    0x0000b1f5   Thumb Code   196  faddsub_clz.o(x$fpl$fadd)
    __fpl_fcmp_Inf                           0x0000b2b9   Thumb Code    24  fcmpi.o(x$fpl$fcmpinf)
    __aeabi_fdiv                             0x0000b2d1   Thumb Code     0  fdiv.o(x$fpl$fdiv)
    _fdiv                                    0x0000b2d1   Thumb Code   384  fdiv.o(x$fpl$fdiv)
    __aeabi_i2f                              0x0000b455   Thumb Code     0  fflt_clz.o(x$fpl$fflt)
    _fflt                                    0x0000b455   Thumb Code    48  fflt_clz.o(x$fpl$fflt)
    __aeabi_ui2f                             0x0000b485   Thumb Code     0  fflt_clz.o(x$fpl$ffltu)
    _ffltu                                   0x0000b485   Thumb Code    38  fflt_clz.o(x$fpl$ffltu)
    __aeabi_cfcmple                          0x0000b4ad   Thumb Code     0  fleqf.o(x$fpl$fleqf)
    _fcmple                                  0x0000b4ad   Thumb Code   104  fleqf.o(x$fpl$fleqf)
    __fpl_fcmple_InfNaN                      0x0000b4ff   Thumb Code     0  fleqf.o(x$fpl$fleqf)
    __aeabi_fmul                             0x0000b515   Thumb Code     0  fmul.o(x$fpl$fmul)
    _fmul                                    0x0000b515   Thumb Code   258  fmul.o(x$fpl$fmul)
    __fpl_fnaninf                            0x0000b617   Thumb Code   140  fnaninf.o(x$fpl$fnaninf)
    __fpl_fretinf                            0x0000b6a3   Thumb Code    10  fretinf.o(x$fpl$fretinf)
    __aeabi_cfrcmple                         0x0000b6ad   Thumb Code     0  frleqf.o(x$fpl$frleqf)
    _frcmple                                 0x0000b6ad   Thumb Code    98  frleqf.o(x$fpl$frleqf)
    __aeabi_frsub                            0x0000b70f   Thumb Code     0  faddsub_clz.o(x$fpl$frsb)
    _frsb                                    0x0000b70f   Thumb Code    20  faddsub_clz.o(x$fpl$frsb)
    __aeabi_fsub                             0x0000b725   Thumb Code     0  faddsub_clz.o(x$fpl$fsub)
    _fsub                                    0x0000b725   Thumb Code   234  faddsub_clz.o(x$fpl$fsub)
    __I$use$fp                               0x0000b80e   Number         0  usenofp.o(x$fpl$usenofp)
    os_maxtaskrun                            0x0000b810   Data           2  rtx_conf_cm.o(.constdata)
    os_stackinfo                             0x0000b814   Data           4  rtx_conf_cm.o(.constdata)
    os_rrobin                                0x0000b818   Data           4  rtx_conf_cm.o(.constdata)
    os_trv                                   0x0000b81c   Data           4  rtx_conf_cm.o(.constdata)
    os_flags                                 0x0000b820   Data           1  rtx_conf_cm.o(.constdata)
    os_clockrate                             0x0000b824   Data           4  rtx_conf_cm.o(.constdata)
    os_timernum                              0x0000b828   Data           4  rtx_conf_cm.o(.constdata)
    mp_tcb_size                              0x0000b82c   Data           2  rtx_conf_cm.o(.constdata)
    mp_stk_size                              0x0000b830   Data           4  rtx_conf_cm.o(.constdata)
    os_fifo_size                             0x0000b834   Data           1  rtx_conf_cm.o(.constdata)
    mp_tmr_size                              0x0000b836   Data           2  rtx_conf_cm.o(.constdata)
    coeffsHRVhp                              0x0000be78   Data         128  filtrai.o(.constdata)
    coeffsHRVlp                              0x0000bef8   Data          36  filtrai.o(.constdata)
    RL_RTX_Version                           0x0000bf40   Data           4  rt_system.o(.constdata)
    Region$$Table$$Base                      0x0000bf44   Number         0  anon$$obj.o(Region$$Table)
    Region$$Table$$Limit                     0x0000bf64   Number         0  anon$$obj.o(Region$$Table)
    tmp                                      0x20000000   Data           4  main.o(.data)
    min_msg                                  0x20000004   Data           4  main.o(.data)
    ovf_detect                               0x20000008   Data           1  main.o(.data)
    MagSwCnt                                 0x2000000c   Data           4  main.o(.data)
    LedBlinkCnt                              0x20000010   Data           4  main.o(.data)
    SynchroLed                               0x20000014   Data           1  main.o(.data)
    ID_Temperaturos_matavimas                0x20000018   Data           4  main.o(.data)
    ID_RAM_worker                            0x2000001c   Data           4  main.o(.data)
    ID_SD_worker                             0x20000020   Data           4  main.o(.data)
    ID_DuomenuSurinkimas                     0x20000024   Data           4  main.o(.data)
    ID_HrSkaiciavimas                        0x20000028   Data           4  main.o(.data)
    ID_BatCheck                              0x2000002c   Data           4  main.o(.data)
    ADS129X_ptr_read                         0x20000030   Data           4  main.o(.data)
    ADS129X_ptr_write                        0x20000034   Data           4  main.o(.data)
    AFE4490A_ptr_read                        0x20000038   Data           4  main.o(.data)
    AFE4490A_ptr_write                       0x2000003c   Data           4  main.o(.data)
    AFE4490B_ptr_read                        0x20000040   Data           4  main.o(.data)
    AFE4490B_ptr_write                       0x20000044   Data           4  main.o(.data)
    AFE4490C_ptr_read                        0x20000048   Data           4  main.o(.data)
    AFE4490C_ptr_write                       0x2000004c   Data           4  main.o(.data)
    AFE4490A_paskutinis_mas                  0x20000050   Data           1  main.o(.data)
    AFE4490B_paskutinis_mas                  0x20000051   Data           1  main.o(.data)
    AFE4490C_paskutinis_mas                  0x20000052   Data           1  main.o(.data)
    ADS129X_paskutinis_mas                   0x20000053   Data           1  main.o(.data)
    AFE4490A_einamas_mas                     0x20000054   Data           1  main.o(.data)
    AFE4490B_einamas_mas                     0x20000055   Data           1  main.o(.data)
    AFE4490C_einamas_mas                     0x20000056   Data           1  main.o(.data)
    ADS129X_einamas_mas                      0x20000057   Data           1  main.o(.data)
    SSI1_flegas                              0x20000058   Data           1  main.o(.data)
    SSI3_flegas                              0x20000059   Data           1  main.o(.data)
    m_tmr                                    0x2000005c   Data           4  rtx_conf_cm.o(.data)
    rri_jj                                   0x20000068   Data           2  filtrai.o(.data)
    rri_radau                                0x2000006a   Data           1  filtrai.o(.data)
    RRI                                      0x2000006c   Data           2  filtrai.o(.data)
    rri_valid                                0x2000006e   Data           1  filtrai.o(.data)
    rri_maxnew                               0x20000070   Data           4  filtrai.o(.data)
    rri_max                                  0x20000074   Data           4  filtrai.o(.data)
    rri_counter                              0x20000078   Data           4  filtrai.o(.data)
    rri_slenkstis                            0x2000007c   Data           4  filtrai.o(.data)
    rri_slenkstis1                           0x20000080   Data           4  filtrai.o(.data)
    rri_nejautra                             0x20000084   Data           4  filtrai.o(.data)
    rri_x1new                                0x20000088   Data           4  filtrai.o(.data)
    rri_x1old                                0x2000008c   Data           4  filtrai.o(.data)
    rri_x2new                                0x20000090   Data           4  filtrai.o(.data)
    rri_ii                                   0x20000098   Data           4  filtrai.o(.data)
    rri_xx                                   0x2000009c   Data           4  filtrai.o(.data)
    beat                                     0x200000a8   Data           4  filtrai.o(.data)
    nmax                                     0x200000ac   Data           4  filtrai.o(.data)
    in                                       0x200000b0   Data           8  filtrai.o(.data)
    dc                                       0x200000b8   Data           8  filtrai.o(.data)
    ind                                      0x200000c0   Data           4  filtrai.o(.data)
    ppind                                    0x200000c4   Data           4  filtrai.o(.data)
    ind2                                     0x200000c8   Data           4  filtrai.o(.data)
    decval                                   0x200000cc   Data           4  filtrai.o(.data)
    valp                                     0x200000d0   Data           4  filtrai.o(.data)
    sign                                     0x200000d4   Data           1  filtrai.o(.data)
    sign_prv                                 0x200000d5   Data           1  filtrai.o(.data)
    cnt                                      0x200000d6   Data           1  filtrai.o(.data)
    os_tsk                                   0x20000114   Data           8  rt_task.o(.data)
    os_tick_irqn                             0x20000120   Data           4  rt_system.o(.data)
    os_time                                  0x20000124   Data           4  rt_time.o(.data)
    dbg_msg                                  0x20000128   Data           1  hal_cm3.o(.data)
    os_tmr                                   0x2000012c   Data           8  rt_timer.o(.data)
    SD_darbinis_mas0                         0x20000800   Data         512  main.o(.bss)
    FileSystem                               0x20000a00   Data         560  main.o(.bss)
    DataFile                                 0x20000c30   Data          36  main.o(.bss)
    ADS1296R_DataBuff                        0x20000c54   Data         388  main.o(.bss)
    AFE4490A_DataBuff                        0x20000dd8   Data         388  main.o(.bss)
    AFE4490B_DataBuff                        0x20000f5c   Data         388  main.o(.bss)
    AFE4490C_DataBuff                        0x200010e0   Data         388  main.o(.bss)
    ImuDataBuff                              0x20001264   Data        1028  main.o(.bss)
    TempDataBuff                             0x20001668   Data        1028  main.o(.bss)
    TimeStampBuff                            0x20001a6c   Data        1027  main.o(.bss)
    pui8DMAControlTable                      0x20002000   Data        1024  main.o(.bss)
    MUT_SSI2                                 0x20002400   Data          16  main.o(.bss)
    MUT_FreshData                            0x20002410   Data          16  main.o(.bss)
    RAM_mb                                   0x20002420   Data          56  main.o(.bss)
    SD_mb                                    0x20002458   Data          32  main.o(.bss)
    Temp_mb                                  0x20002478   Data          40  main.o(.bss)
    Events_mb                                0x200024a0   Data          32  main.o(.bss)
    TimeStampMb                              0x200024c0   Data          32  main.o(.bss)
    HrMb                                     0x200024e0   Data          32  main.o(.bss)
    pulsoks_param                            0x20002500   Data         196  main.o(.bss)
    ADS1294R_reg                             0x200025c4   Data          26  main.o(.bss)
    mp_tcb                                   0x200025e0   Data         628  rtx_conf_cm.o(.bss)
    mp_stk                                   0x20002858   Data        6160  rtx_conf_cm.o(.bss)
    os_fifo                                  0x20004068   Data         132  rtx_conf_cm.o(.bss)
    os_active_TCB                            0x200040ec   Data          44  rtx_conf_cm.o(.bss)
    ekgdata                                  0x200045b8   Data          12  filtrai.o(.bss)
    lp                                       0x200045c8   Data          16  filtrai.o(.bss)
    hp                                       0x200045d8   Data          16  filtrai.o(.bss)
    vidf                                     0x200045e8   Data          16  filtrai.o(.bss)
    os_idle_TCB                              0x200048f8   Data          56  rt_task.o(.bss)
    os_rdy                                   0x20004930   Data          24  rt_list.o(.bss)
    os_dly                                   0x20004948   Data          24  rt_list.o(.bss)
    __libspace_start                         0x20004960   Data          96  libspace.o(.bss)
    __temporary_stack_top$libspace           0x200049c0   Data           0  libspace.o(.bss)



==============================================================================

Memory Map of the image

  Image Entry point : 0x0000026d

  Load Region LR_IROM1 (Base: 0x00000000, Size: 0x0000c5d0, Max: 0x00040000, ABSOLUTE, COMPRESSED[0x0000bf78])

    Execution Region ER_IROM1 (Base: 0x00000000, Size: 0x0000bf64, Max: 0x00040000, ABSOLUTE)

    Base Addr    Size         Type   Attr      Idx    E Section Name        Object

    0x00000000   0x0000026c   Data   RO            3    RESET               startup_tm4c123.o
    0x0000026c   0x00000008   Code   RO         1644  * !!!main             c_w.l(__main.o)
    0x00000274   0x00000034   Code   RO         1888    !!!scatter          c_w.l(__scatter.o)
    0x000002a8   0x0000003a   Code   RO         1886    !!dczerorl          c_w.l(__dczerorl.o)
    0x000002e2   0x00000002   PAD
    0x000002e4   0x0000001c   Code   RO         1890    !!handler_zi        c_w.l(__scatter_zi.o)
    0x00000300   0x00000000   Code   RO         1641    .ARM.Collect$$_printf_percent$$00000000  c_w.l(_printf_percent.o)
    0x00000300   0x00000006   Code   RO         1639    .ARM.Collect$$_printf_percent$$00000009  c_w.l(_printf_d.o)
    0x00000306   0x00000006   Code   RO         1640    .ARM.Collect$$_printf_percent$$0000000A  c_w.l(_printf_u.o)
    0x0000030c   0x00000004   Code   RO         1709    .ARM.Collect$$_printf_percent$$00000017  c_w.l(_printf_percent_end.o)
    0x00000310   0x00000002   Code   RO         1762    .ARM.Collect$$libinit$$00000000  c_w.l(libinit.o)
    0x00000312   0x00000000   Code   RO         1766    .ARM.Collect$$libinit$$00000002  c_w.l(libinit2.o)
    0x00000312   0x00000000   Code   RO         1769    .ARM.Collect$$libinit$$00000008  c_w.l(libinit2.o)
    0x00000312   0x00000000   Code   RO         1771    .ARM.Collect$$libinit$$0000000A  c_w.l(libinit2.o)
    0x00000312   0x00000000   Code   RO         1773    .ARM.Collect$$libinit$$0000000C  c_w.l(libinit2.o)
    0x00000312   0x00000000   Code   RO         1776    .ARM.Collect$$libinit$$0000000F  c_w.l(libinit2.o)
    0x00000312   0x00000000   Code   RO         1778    .ARM.Collect$$libinit$$00000011  c_w.l(libinit2.o)
    0x00000312   0x00000000   Code   RO         1780    .ARM.Collect$$libinit$$00000013  c_w.l(libinit2.o)
    0x00000312   0x00000000   Code   RO         1782    .ARM.Collect$$libinit$$00000015  c_w.l(libinit2.o)
    0x00000312   0x00000000   Code   RO         1784    .ARM.Collect$$libinit$$00000017  c_w.l(libinit2.o)
    0x00000312   0x00000000   Code   RO         1786    .ARM.Collect$$libinit$$00000019  c_w.l(libinit2.o)
    0x00000312   0x00000000   Code   RO         1788    .ARM.Collect$$libinit$$0000001B  c_w.l(libinit2.o)
    0x00000312   0x00000000   Code   RO         1790    .ARM.Collect$$libinit$$0000001D  c_w.l(libinit2.o)
    0x00000312   0x00000000   Code   RO         1792    .ARM.Collect$$libinit$$0000001F  c_w.l(libinit2.o)
    0x00000312   0x00000000   Code   RO         1794    .ARM.Collect$$libinit$$00000021  c_w.l(libinit2.o)
    0x00000312   0x00000000   Code   RO         1796    .ARM.Collect$$libinit$$00000023  c_w.l(libinit2.o)
    0x00000312   0x00000000   Code   RO         1800    .ARM.Collect$$libinit$$0000002A  c_w.l(libinit2.o)
    0x00000312   0x00000000   Code   RO         1802    .ARM.Collect$$libinit$$0000002C  c_w.l(libinit2.o)
    0x00000312   0x00000000   Code   RO         1804    .ARM.Collect$$libinit$$0000002E  c_w.l(libinit2.o)
    0x00000312   0x00000000   Code   RO         1806    .ARM.Collect$$libinit$$00000030  c_w.l(libinit2.o)
    0x00000312   0x00000002   Code   RO         1807    .ARM.Collect$$libinit$$00000031  c_w.l(libinit2.o)
    0x00000314   0x00000002   Code   RO         1827    .ARM.Collect$$libshutdown$$00000000  c_w.l(libshutdown.o)
    0x00000316   0x00000000   Code   RO         1841    .ARM.Collect$$libshutdown$$00000003  c_w.l(libshutdown2.o)
    0x00000316   0x00000000   Code   RO         1844    .ARM.Collect$$libshutdown$$00000006  c_w.l(libshutdown2.o)
    0x00000316   0x00000000   Code   RO         1847    .ARM.Collect$$libshutdown$$00000009  c_w.l(libshutdown2.o)
    0x00000316   0x00000000   Code   RO         1849    .ARM.Collect$$libshutdown$$0000000B  c_w.l(libshutdown2.o)
    0x00000316   0x00000000   Code   RO         1852    .ARM.Collect$$libshutdown$$0000000E  c_w.l(libshutdown2.o)
    0x00000316   0x00000002   Code   RO         1853    .ARM.Collect$$libshutdown$$0000000F  c_w.l(libshutdown2.o)
    0x00000318   0x00000000   Code   RO         1700    .ARM.Collect$$rtentry$$00000000  c_w.l(rtentry.o)
    0x00000318   0x00000000   Code   RO         1726    .ARM.Collect$$rtentry$$00000002  c_w.l(rtentry2.o)
    0x00000318   0x00000006   Code   RO         1738    .ARM.Collect$$rtentry$$00000004  c_w.l(rtentry4.o)
    0x0000031e   0x00000000   Code   RO         1728    .ARM.Collect$$rtentry$$00000009  c_w.l(rtentry2.o)
    0x0000031e   0x00000004   Code   RO         1729    .ARM.Collect$$rtentry$$0000000A  c_w.l(rtentry2.o)
    0x00000322   0x00000000   Code   RO         1731    .ARM.Collect$$rtentry$$0000000C  c_w.l(rtentry2.o)
    0x00000322   0x00000008   Code   RO         1732    .ARM.Collect$$rtentry$$0000000D  c_w.l(rtentry2.o)
    0x0000032a   0x00000002   Code   RO         1763    .ARM.Collect$$rtexit$$00000000  c_w.l(rtexit.o)
    0x0000032c   0x00000000   Code   RO         1809    .ARM.Collect$$rtexit$$00000002  c_w.l(rtexit2.o)
    0x0000032c   0x00000004   Code   RO         1810    .ARM.Collect$$rtexit$$00000003  c_w.l(rtexit2.o)
    0x00000330   0x00000006   Code   RO         1811    .ARM.Collect$$rtexit$$00000004  c_w.l(rtexit2.o)
    0x00000336   0x00000002   PAD
    0x00000338   0x00000026   Code   RO          275    .emb_text           cpu.o
    0x0000035e   0x00000002   PAD
    0x00000360   0x00000006   Code   RO          578    .emb_text           sysctl.o
    0x00000366   0x00000002   PAD
    0x00000368   0x00000154   Code   RO         1369    .emb_text           RTX_CM3.LIB(hal_cm3.o)
    0x000004bc   0x0000010c   Code   RO            4    .text               startup_tm4c123.o
    0x000005c8   0x00001a50   Code   RO           10    .text               main.o
    0x00002018   0x00000098   Code   RO          147    .text               rtx_conf_cm.o
    0x000020b0   0x0000041e   Code   RO          175    .text               adc.o
    0x000024ce   0x00000002   PAD
    0x000024d0   0x000007d8   Code   RO          418    .text               gpio.o
    0x00002ca8   0x000007d4   Code   RO          435    .text               hibernate.o
    0x0000347c   0x00000330   Code   RO          476    .text               interrupt.o
    0x000037ac   0x00000b60   Code   RO          579    .text               sysctl.o
    0x0000430c   0x000001e8   Code   RO          626    .text               ssi.o
    0x000044f4   0x00000324   Code   RO          660    .text               timer.o
    0x00004818   0x00000348   Code   RO          680    .text               uart.o
    0x00004b60   0x00000330   Code   RO          700    .text               udma.o
    0x00004e90   0x0000051a   Code   RO          754    .text               board.o
    0x000053aa   0x00000002   PAD
    0x000053ac   0x000002f4   Code   RO          769    .text               23lcv1024.o
    0x000056a0   0x00000134   Code   RO          785    .text               23lcv1024_hw.o
    0x000057d4   0x000003a4   Code   RO          801    .text               ads1294r.o
    0x00005b78   0x000000b8   Code   RO          838    .text               ads1294r_hw.o
    0x00005c30   0x0000091a   Code   RO          850    .text               afe4490.o
    0x0000654a   0x00000002   PAD
    0x0000654c   0x00000350   Code   RO          868    .text               afe4490_app.o
    0x0000689c   0x00000130   Code   RO          880    .text               afe4490_tm4c123gh6pmi_hw.o
    0x000069cc   0x00000b48   Code   RO          907    .text               filtrai.o
    0x00007514   0x00000366   Code   RO          945    .text               lsm330dlc_app.o
    0x0000787a   0x00000002   PAD
    0x0000787c   0x000013de   Code   RO          969    .text               ff.o
    0x00008c5a   0x00000002   PAD
    0x00008c5c   0x000007b8   Code   RO          995    .text               mmctm4c123g.o
    0x00009414   0x000002a4   Code   RO         1018    .text               ads1296r_app.o
    0x000096b8   0x00000008   Code   RO         1608    .text               c_w.l(libspace.o)
    0x000096c0   0x00000028   Code   RO         1613    .text               c_w.l(noretval__2sprintf.o)
    0x000096e8   0x00000068   Code   RO         1615    .text               c_w.l(__printf.o)
    0x00009750   0x00000074   Code   RO         1617    .text               c_w.l(_printf_dec.o)
    0x000097c4   0x00000006   Code   RO         1642    .text               c_w.l(heapauxi.o)
    0x000097ca   0x00000016   Code   RO         1701    .text               c_w.l(_rserrno.o)
    0x000097e0   0x000000b2   Code   RO         1703    .text               c_w.l(_printf_intcommon.o)
    0x00009892   0x00000002   PAD
    0x00009894   0x00000030   Code   RO         1705    .text               c_w.l(_printf_char_common.o)
    0x000098c4   0x0000000a   Code   RO         1707    .text               c_w.l(_sputc.o)
    0x000098ce   0x00000004   Code   RO         1745    .text               c_w.l(rt_errno_addr_twolibspace.o)
    0x000098d2   0x0000004a   Code   RO         1753    .text               c_w.l(sys_stackheap_outer.o)
    0x0000991c   0x0000000c   Code   RO         1755    .text               c_w.l(exit.o)
    0x00009928   0x0000000c   Code   RO         1819    .text               c_w.l(sys_exit.o)
    0x00009934   0x00000002   Code   RO         1830    .text               c_w.l(use_no_semi.o)
    0x00009936   0x00000000   Code   RO         1832    .text               c_w.l(indicate_semi.o)
    0x00009936   0x00000002   PAD
    0x00009938   0x00000004   Code   RO         1603    SVC_TABLE           RTX_CM3.LIB(svc_table.o)
    0x0000993c   0x00000046   Code   RO         1574    i._init_box         RTX_CM3.LIB(rt_membox.o)
    0x00009982   0x00000002   PAD
    0x00009984   0x00000030   Code   RO         1370    i.dbg_init          RTX_CM3.LIB(hal_cm3.o)
    0x000099b4   0x00000020   Code   RO         1371    i.dbg_task_notify   RTX_CM3.LIB(hal_cm3.o)
    0x000099d4   0x00000010   Code   RO         1372    i.dbg_task_switch   RTX_CM3.LIB(hal_cm3.o)
    0x000099e4   0x00000028   Code   RO         1218    i.isr_evt_set       RTX_CM3.LIB(rt_event.o)
    0x00009a0c   0x0000000e   Code   RO         1261    i.isr_mbx_send      RTX_CM3.LIB(rt_mailbox.o)
    0x00009a1a   0x00000002   PAD
    0x00009a1c   0x00000028   Code   RO         1130    i.os_tick_init      RTX_CM3.LIB(rt_system.o)
    0x00009a44   0x00000002   Code   RO         1131    i.os_tick_irqack    RTX_CM3.LIB(rt_system.o)
    0x00009a46   0x0000001a   Code   RO         1575    i.rt_alloc_box      RTX_CM3.LIB(rt_membox.o)
    0x00009a60   0x00000038   Code   RO         1030    i.rt_block          RTX_CM3.LIB(rt_task.o)
    0x00009a98   0x00000074   Code   RO         1410    i.rt_dec_dly        RTX_CM3.LIB(rt_list.o)
    0x00009b0c   0x00000044   Code   RO         1031    i.rt_dispatch       RTX_CM3.LIB(rt_task.o)
    0x00009b50   0x00000006   Code   RO         1312    i.rt_dly_wait       RTX_CM3.LIB(rt_time.o)
    0x00009b56   0x00000002   PAD
    0x00009b58   0x0000004c   Code   RO         1221    i.rt_evt_psh        RTX_CM3.LIB(rt_event.o)
    0x00009ba4   0x0000003c   Code   RO         1223    i.rt_evt_wait       RTX_CM3.LIB(rt_event.o)
    0x00009be0   0x00000020   Code   RO         1576    i.rt_free_box       RTX_CM3.LIB(rt_membox.o)
    0x00009c00   0x00000028   Code   RO         1411    i.rt_get_first      RTX_CM3.LIB(rt_list.o)
    0x00009c28   0x0000004c   Code   RO         1032    i.rt_init_context   RTX_CM3.LIB(rt_task.o)
    0x00009c74   0x00000050   Code   RO         1373    i.rt_init_stack     RTX_CM3.LIB(hal_cm3.o)
    0x00009cc4   0x00000008   Code   RO         1262    i.rt_mbx_check      RTX_CM3.LIB(rt_mailbox.o)
    0x00009ccc   0x00000018   Code   RO         1263    i.rt_mbx_init       RTX_CM3.LIB(rt_mailbox.o)
    0x00009ce4   0x000000d4   Code   RO         1264    i.rt_mbx_psh        RTX_CM3.LIB(rt_mailbox.o)
    0x00009db8   0x000000a4   Code   RO         1265    i.rt_mbx_send       RTX_CM3.LIB(rt_mailbox.o)
    0x00009e5c   0x000000bc   Code   RO         1266    i.rt_mbx_wait       RTX_CM3.LIB(rt_mailbox.o)
    0x00009f18   0x00000010   Code   RO         1345    i.rt_mut_init       RTX_CM3.LIB(rt_mutex.o)
    0x00009f28   0x000000e4   Code   RO         1346    i.rt_mut_release    RTX_CM3.LIB(rt_mutex.o)
    0x0000a00c   0x00000068   Code   RO         1347    i.rt_mut_wait       RTX_CM3.LIB(rt_mutex.o)
    0x0000a074   0x0000007c   Code   RO         1132    i.rt_pop_req        RTX_CM3.LIB(rt_system.o)
    0x0000a0f0   0x00000020   Code   RO         1133    i.rt_psh_req        RTX_CM3.LIB(rt_system.o)
    0x0000a110   0x0000005c   Code   RO         1413    i.rt_psq_enq        RTX_CM3.LIB(rt_list.o)
    0x0000a16c   0x00000048   Code   RO         1414    i.rt_put_dly        RTX_CM3.LIB(rt_list.o)
    0x0000a1b4   0x00000036   Code   RO         1415    i.rt_put_prio       RTX_CM3.LIB(rt_list.o)
    0x0000a1ea   0x00000002   PAD
    0x0000a1ec   0x00000014   Code   RO         1416    i.rt_put_rdy_first  RTX_CM3.LIB(rt_list.o)
    0x0000a200   0x00000034   Code   RO         1417    i.rt_resort_prio    RTX_CM3.LIB(rt_list.o)
    0x0000a234   0x00000028   Code   RO         1418    i.rt_rmv_dly        RTX_CM3.LIB(rt_list.o)
    0x0000a25c   0x00000030   Code   RO         1419    i.rt_rmv_list       RTX_CM3.LIB(rt_list.o)
    0x0000a28c   0x00000034   Code   RO         1491    i.rt_sem_psh        RTX_CM3.LIB(rt_semaphore.o)
    0x0000a2c0   0x00000024   Code   RO         1135    i.rt_stk_check      RTX_CM3.LIB(rt_system.o)
    0x0000a2e4   0x00000028   Code   RO         1033    i.rt_switch_req     RTX_CM3.LIB(rt_task.o)
    0x0000a30c   0x00000154   Code   RO         1034    i.rt_sys_init       RTX_CM3.LIB(rt_task.o)
    0x0000a460   0x00000040   Code   RO         1137    i.rt_systick        RTX_CM3.LIB(rt_system.o)
    0x0000a4a0   0x0000000c   Code   RO         1315    i.rt_time_get       RTX_CM3.LIB(rt_time.o)
    0x0000a4ac   0x00000040   Code   RO         1527    i.rt_tmr_tick       RTX_CM3.LIB(rt_timer.o)
    0x0000a4ec   0x00000090   Code   RO         1035    i.rt_tsk_create     RTX_CM3.LIB(rt_task.o)
    0x0000a57c   0x00000050   Code   RO         1138    i.rt_tsk_lock       RTX_CM3.LIB(rt_system.o)
    0x0000a5cc   0x0000008c   Code   RO         1038    i.rt_tsk_prio       RTX_CM3.LIB(rt_task.o)
    0x0000a658   0x00000010   Code   RO         1039    i.rt_tsk_self       RTX_CM3.LIB(rt_task.o)
    0x0000a668   0x00000050   Code   RO         1139    i.rt_tsk_unlock     RTX_CM3.LIB(rt_system.o)
    0x0000a6b8   0x0000004c   Code   RO         1693    i.sqrt              m_ws.l(sqrt.o)
    0x0000a704   0x00000062   Code   RO         1646    x$fpl$d2f           fz_ws.l(d2f.o)
    0x0000a766   0x00000002   PAD
    0x0000a768   0x00000150   Code   RO         1648    x$fpl$dadd          fz_ws.l(daddsub_clz.o)
    0x0000a8b8   0x000002b0   Code   RO         1655    x$fpl$ddiv          fz_ws.l(ddiv.o)
    0x0000ab68   0x0000005e   Code   RO         1658    x$fpl$dfix          fz_ws.l(dfix.o)
    0x0000abc6   0x0000002e   Code   RO         1663    x$fpl$dflt          fz_ws.l(dflt_clz.o)
    0x0000abf4   0x00000026   Code   RO         1662    x$fpl$dfltu         fz_ws.l(dflt_clz.o)
    0x0000ac1a   0x00000002   PAD
    0x0000ac1c   0x00000154   Code   RO         1668    x$fpl$dmul          fz_ws.l(dmul.o)
    0x0000ad70   0x0000009c   Code   RO         1712    x$fpl$dnaninf       fz_ws.l(dnaninf.o)
    0x0000ae0c   0x0000000c   Code   RO         1714    x$fpl$dretinf       fz_ws.l(dretinf.o)
    0x0000ae18   0x00000016   Code   RO         1649    x$fpl$drsb          fz_ws.l(daddsub_clz.o)
    0x0000ae2e   0x00000002   PAD
    0x0000ae30   0x00000198   Code   RO         1716    x$fpl$dsqrt         fz_ws.l(dsqrt_umaal.o)
    0x0000afc8   0x000001d4   Code   RO         1650    x$fpl$dsub          fz_ws.l(daddsub_clz.o)
    0x0000b19c   0x00000056   Code   RO         1670    x$fpl$f2d           fz_ws.l(f2d.o)
    0x0000b1f2   0x00000002   PAD
    0x0000b1f4   0x000000c4   Code   RO         1672    x$fpl$fadd          fz_ws.l(faddsub_clz.o)
    0x0000b2b8   0x00000018   Code   RO         1751    x$fpl$fcmpinf       fz_ws.l(fcmpi.o)
    0x0000b2d0   0x00000184   Code   RO         1679    x$fpl$fdiv          fz_ws.l(fdiv.o)
    0x0000b454   0x00000030   Code   RO         1683    x$fpl$fflt          fz_ws.l(fflt_clz.o)
    0x0000b484   0x00000026   Code   RO         1682    x$fpl$ffltu         fz_ws.l(fflt_clz.o)
    0x0000b4aa   0x00000002   PAD
    0x0000b4ac   0x00000068   Code   RO         1718    x$fpl$fleqf         fz_ws.l(fleqf.o)
    0x0000b514   0x00000102   Code   RO         1688    x$fpl$fmul          fz_ws.l(fmul.o)
    0x0000b616   0x0000008c   Code   RO         1720    x$fpl$fnaninf       fz_ws.l(fnaninf.o)
    0x0000b6a2   0x0000000a   Code   RO         1722    x$fpl$fretinf       fz_ws.l(fretinf.o)
    0x0000b6ac   0x00000062   Code   RO         1690    x$fpl$frleqf        fz_ws.l(frleqf.o)
    0x0000b70e   0x00000014   Code   RO         1673    x$fpl$frsb          fz_ws.l(faddsub_clz.o)
    0x0000b722   0x00000002   PAD
    0x0000b724   0x000000ea   Code   RO         1674    x$fpl$fsub          fz_ws.l(faddsub_clz.o)
    0x0000b80e   0x00000000   Code   RO         1724    x$fpl$usenofp       fz_ws.l(usenofp.o)
    0x0000b80e   0x00000002   PAD
    0x0000b810   0x00000028   Data   RO          149    .constdata          rtx_conf_cm.o
    0x0000b838   0x00000210   Data   RO          419    .constdata          gpio.o
    0x0000ba48   0x0000010c   Data   RO          477    .constdata          interrupt.o
    0x0000bb54   0x000001c4   Data   RO          580    .constdata          sysctl.o
    0x0000bd18   0x00000040   Data   RO          627    .constdata          ssi.o
    0x0000bd58   0x000000a0   Data   RO          661    .constdata          timer.o
    0x0000bdf8   0x00000080   Data   RO          681    .constdata          uart.o
    0x0000be78   0x000000c8   Data   RO          909    .constdata          filtrai.o
    0x0000bf40   0x00000004   Data   RO         1140    .constdata          RTX_CM3.LIB(rt_system.o)
    0x0000bf44   0x00000020   Data   RO         1884    Region$$Table       anon$$obj.o


    Execution Region RW_IRAM1 (Base: 0x20000000, Size: 0x00004bc0, Max: 0x00008000, ABSOLUTE, COMPRESSED[0x00000014])

    Base Addr    Size         Type   Attr      Idx    E Section Name        Object

    0x20000000   0x0000005a   Data   RW           12    .data               main.o
    0x2000005a   0x00000002   PAD
    0x2000005c   0x00000008   Data   RW          150    .data               rtx_conf_cm.o
    0x20000064   0x00000003   Data   RW          176    .data               adc.o
    0x20000067   0x00000001   PAD
    0x20000068   0x000000a0   Data   RW          910    .data               filtrai.o
    0x20000108   0x00000006   Data   RW          970    .data               ff.o
    0x2000010e   0x00000005   Data   RW          996    .data               mmctm4c123g.o
    0x20000113   0x00000001   PAD
    0x20000114   0x00000008   Data   RW         1041    .data               RTX_CM3.LIB(rt_task.o)
    0x2000011c   0x00000008   Data   RW         1141    .data               RTX_CM3.LIB(rt_system.o)
    0x20000124   0x00000004   Data   RW         1316    .data               RTX_CM3.LIB(rt_time.o)
    0x20000128   0x00000001   Data   RW         1374    .data               RTX_CM3.LIB(hal_cm3.o)
    0x20000129   0x00000003   PAD
    0x2000012c   0x00000008   Data   RW         1528    .data               RTX_CM3.LIB(rt_timer.o)
    0x20000134   0x000002cc   PAD
    0x20000400   0x0000026c   Data   RW          478    vtable              interrupt.o
    0x2000066c   0x00000194   PAD
    0x20000800   0x00001dde   Zero   RW           11    .bss                main.o
    0x200025de   0x00000002   PAD
    0x200025e0   0x00001fd8   Zero   RW          148    .bss                rtx_conf_cm.o
    0x200045b8   0x00000340   Zero   RW          908    .bss                filtrai.o
    0x200048f8   0x00000038   Zero   RW         1040    .bss                RTX_CM3.LIB(rt_task.o)
    0x20004930   0x00000030   Zero   RW         1420    .bss                RTX_CM3.LIB(rt_list.o)
    0x20004960   0x00000060   Zero   RW         1609    .bss                c_w.l(libspace.o)
    0x200049c0   0x00000000   Zero   RW            2    HEAP                startup_tm4c123.o
    0x200049c0   0x00000200   Zero   RW            1    STACK               startup_tm4c123.o


==============================================================================

Image component sizes


      Code (inc. data)   RO Data    RW Data    ZI Data      Debug   Object Name

       756         26          0          0          0       2814   23lcv1024.o
       308         48          0          0          0        768   23lcv1024_hw.o
      1054         24          0          3          0      11228   adc.o
       932         12          0          0          0      11805   ads1294r.o
         0          0          0          0          0       7288   ads1294r_app.o
       184         20          0          0          0       1037   ads1294r_hw.o
       676          8          0          0          0       1098   ads1296r_app.o
      2330         74          0          0          0      11855   afe4490.o
       848         16          0          0          0       1681   afe4490_app.o
       304         22          0          0          0       1784   afe4490_tm4c123gh6pmi_hw.o
      1306         82          0          0          0       4465   board.o
        38          0          0          0          0        556   cpu.o
      5086         46          0          6          0      19866   ff.o
      2888        306        200        160        832       7706   filtrai.o
      2008         28        528          0          0      12897   gpio.o
      2004         46          0          0          0      12631   hibernate.o
       816         46        268        620          0       4364   interrupt.o
       870          0          0          0          0       1653   lsm330dlc_app.o
      6736        762          0         90       7646      53674   main.o
      1976         76          0          5          0       8805   mmctm4c123g.o
       152         26         40          8       8152      11212   rtx_conf_cm.o
       488         22         64          0          0       6285   ssi.o
       268         20        620          0        512       5380   startup_tm4c123.o
      2918        174        452          0          0      13625   sysctl.o
       804         22        160          0          0      10026   timer.o
       840         20        128          0          0      10574   uart.o
       816         18          0          0          0      20841   udma.o

    ----------------------------------------------------------------------
     37420       1944       2492        896      17548     255918   Object Totals
         0          0         32          0          0          0   (incl. Generated)
        14          0          0          4        406          0   (incl. Padding)

    ----------------------------------------------------------------------

      Code (inc. data)   RO Data    RW Data    ZI Data      Debug   Library Member Name

       516         56          0          1          0       2685   hal_cm3.o
       176         14          0          0          0       1641   rt_event.o
       534         34          0          0         48       7221   rt_list.o
       610         16          0          0          0       3441   rt_mailbox.o
       128          0          0          0          0       1617   rt_membox.o
       348         12          0          0          0       1765   rt_mutex.o
        52          6          0          0          0        489   rt_semaphore.o
       458         68          4          8          0       4620   rt_system.o
       880        148          0          8         56       7126   rt_task.o
        18          6          0          4          0        974   rt_time.o
        64          8          0          8          0        655   rt_timer.o
         4          4          0          0          0        180   svc_table.o
        58          0          0          0          0          0   __dczerorl.o
         8          0          0          0          0         68   __main.o
       104          0          0          0          0         84   __printf.o
        52          8          0          0          0          0   __scatter.o
        28          0          0          0          0          0   __scatter_zi.o
        48          6          0          0          0         96   _printf_char_common.o
         6          0          0          0          0          0   _printf_d.o
       116         16          0          0          0         92   _printf_dec.o
       178          0          0          0          0         88   _printf_intcommon.o
         0          0          0          0          0          0   _printf_percent.o
         4          0          0          0          0          0   _printf_percent_end.o
         6          0          0          0          0          0   _printf_u.o
        22          0          0          0          0        100   _rserrno.o
        10          0          0          0          0         68   _sputc.o
        12          0          0          0          0         72   exit.o
         6          0          0          0          0        152   heapauxi.o
         0          0          0          0          0          0   indicate_semi.o
         2          0          0          0          0          0   libinit.o
         2          0          0          0          0          0   libinit2.o
         2          0          0          0          0          0   libshutdown.o
         2          0          0          0          0          0   libshutdown2.o
         8          4          0          0         96         68   libspace.o
        40          6          0          0          0         84   noretval__2sprintf.o
         4          0          0          0          0         68   rt_errno_addr_twolibspace.o
         0          0          0          0          0          0   rtentry.o
        12          0          0          0          0          0   rtentry2.o
         6          0          0          0          0          0   rtentry4.o
         2          0          0          0          0          0   rtexit.o
        10          0          0          0          0          0   rtexit2.o
        12          4          0          0          0         68   sys_exit.o
        74          0          0          0          0         80   sys_stackheap_outer.o
         2          0          0          0          0         68   use_no_semi.o
        98          4          0          0          0         92   d2f.o
       826         16          0          0          0        348   daddsub_clz.o
       688        140          0          0          0        208   ddiv.o
        94          4          0          0          0         92   dfix.o
        84          0          0          0          0        136   dflt_clz.o
       340         12          0          0          0        104   dmul.o
       156          4          0          0          0         92   dnaninf.o
        12          0          0          0          0         68   dretinf.o
       408         56          0          0          0        120   dsqrt_umaal.o
        86          4          0          0          0         84   f2d.o
       450          8          0          0          0        236   faddsub_clz.o
        24          0          0          0          0         68   fcmpi.o
       388         76          0          0          0         96   fdiv.o
        86          0          0          0          0        136   fflt_clz.o
       104          4          0          0          0         84   fleqf.o
       258          4          0          0          0         84   fmul.o
       140          4          0          0          0         84   fnaninf.o
        10          0          0          0          0         68   fretinf.o
        98          0          0          0          0         68   frleqf.o
         0          0          0          0          0          0   usenofp.o
        76          0          0          0          0         84   sqrt.o

    ----------------------------------------------------------------------
      9080        752          4        748        200      36022   Library Totals
        30          0          0        719          0          0   (incl. Padding)

    ----------------------------------------------------------------------

      Code (inc. data)   RO Data    RW Data    ZI Data      Debug   Library Name

      3788        372          4         29        104      32414   RTX_CM3.LIB
       836         44          0          0         96       1256   c_w.l
      4350        336          0          0          0       2268   fz_ws.l
        76          0          0          0          0         84   m_ws.l

    ----------------------------------------------------------------------
      9080        752          4        748        200      36022   Library Totals

    ----------------------------------------------------------------------

==============================================================================


      Code (inc. data)   RO Data    RW Data    ZI Data      Debug   

     46500       2696       2496       1644      17748     285228   Grand Totals
     46500       2696       2496         20      17748     285228   ELF Image Totals (compressed)
     46500       2696       2496         20          0          0   ROM Totals

==============================================================================

    Total RO  Size (Code + RO Data)                48996 (  47.85kB)
    Total RW  Size (RW Data + ZI Data)             19392 (  18.94kB)
    Total ROM Size (Code + RO Data + RW Data)      49016 (  47.87kB)

==============================================================================

