<html>
<body>
<pre>
<h1>µVision Build Log</h1>
<h2>Project:</h2>
D:\Dropbox\2013_DiverDevice\Kodas\Nautilus\NautilusV1.uvproj
Project File Date:  02/28/2015

<h2>Output:</h2>
Rebuild target 'Target 1'
assembling startup_TM4C123.s...
compiling main.c...
main.c(33): warning:  #111-D: statement is unreachable
        return(1);
main.c(12): warning:  #550-D: variable "tmp" was set but never used
        uint8_t tmp;
main.c: 2 warnings, 0 errors
compiling adc.c...
compiling aes.c...
compiling can.c...
compiling comp.c...
compiling cpu.c...
compiling crc.c...
compiling des.c...
compiling eeprom.c...
compiling emac.c...
compiling epi.c...
compiling flash.c...
compiling fpu.c...
compiling gpio.c...
compiling hibernate.c...
compiling i2c.c...
compiling interrupt.c...
compiling lcd.c...
compiling mpu.c...
compiling pwm.c...
compiling qei.c...
compiling shamd5.c...
compiling sysctl.c...
compiling sysexc.c...
compiling systick.c...
compiling ssi.c...
compiling sw_crc.c...
compiling timer.c...
compiling uart.c...
compiling udma.c...
compiling usb.c...
compiling watchdog.c...
compiling board.c...
D:\TI\TivaWare\driverlib\hibernate.h(229): warning:  #231-D: declaration is not visible outside of function
  extern void HibernateCalendarSet(struct tm *psTime);
D:\TI\TivaWare\driverlib\hibernate.h(230): warning:  #231-D: declaration is not visible outside of function
  extern int HibernateCalendarGet(struct tm *psTime);
D:\TI\TivaWare\driverlib\hibernate.h(231): warning:  #231-D: declaration is not visible outside of function
  extern void HibernateCalendarMatchSet(uint32_t ui32Index, struct tm *psTime);
D:\TI\TivaWare\driverlib\hibernate.h(232): warning:  #231-D: declaration is not visible outside of function
  extern void HibernateCalendarMatchGet(uint32_t ui32Index, struct tm *psTime);
UserLib\board.c: 4 warnings, 0 errors
linking...
Program Size: Code=6472 RO-data=1900 RW-data=620 ZI-data=612  
FromELF: creating hex file...
".\Debug\NautilusV1.axf" - 0 Error(s), 6 Warning(s).
Load "D:\\Dropbox\\2013_DiverDevice\\Kodas\\Nautilus\\Debug\\NautilusV1.axf" 
Set JLink Project File to "D:\Dropbox\2013_DiverDevice\Kodas\Nautilus\JLinkSettings.ini"
* JLink Info: Device "TM4C123GH6PM" selected.
 
JLink info:
------------
DLL: V4.96 , compiled Dec 22 2014 09:51:48
Firmware: J-Link V9 compiled Dec 19 2014 16:50:53
Hardware: V9.30
S/N : 59300974 
Feature(s) : GDB 
 
* JLink Info: Found SWD-DP with ID 0x2BA01477
* JLink Info: Found Cortex-M4 r0p1, Little endian.
* JLink Info: FPUnit: 6 code (BP) slots and 2 literal slots
* JLink Info: TPIU fitted.
* JLink Info: ETM fitted.
ROMTableAddr = 0xE00FF003
 
Target info:
------------
Device: TM4C123GH6PM
VTarget = 3.369V
State of Pins: 
TCK: 0, TDI: 0, TDO: 0, TMS: 1, TRES: 1, TRST: 0
Hardware-Breakpoints: 6
Software-Breakpoints: 8192
Watchpoints:          4
JTAG speed: 2000 kHz
 
Erase Done.
Programming Done.
Verify OK.
</pre>
</body>
</html>
